<html>
<body>
<pre>
<h1>µVision Build Log</h1>
<h2>Tool Versions:</h2>
IDE-Version: µVision V5.41.0.0
Copyright (C) 2024 ARM Ltd and ARM Germany GmbH. All rights reserved.
License Information: 1 Ellie, 1, LIC=P6F5U-SZNTN-F1HPT-RLH69-FR87A-28XDC
 
Tool Versions:
Toolchain:       MDK-ARM Professional  Version: 5.41.0.0
Toolchain Path:  D:\Software\keilCore\ARM\compiler\Bin
C Compiler:      Armcc.exe V5.06 update 7 (build 960)
Assembler:       Armasm.exe V5.06 update 7 (build 960)
Linker/Locator:  ArmLink.exe V5.06 update 7 (build 960)
Library Manager: ArmAr.exe V5.06 update 7 (build 960)
Hex Converter:   FromElf.exe V5.06 update 7 (build 960)
CPU DLL:         SARMCM3.DLL V5.41.0.0
Dialog DLL:      DARMSTM.DLL V1.69.1.0
Target DLL:      CMSIS_AGDI.dll V1.33.21.0
Dialog DLL:      TARMSTM.DLL V1.67.1.0
 
<h2>Project:</h2>
C:\Users\Ellie\Desktop\Graduation Project\¹éµµ\³ÌÐòÔ´Âë\MCUÔ´Âë\ONEJSON_adc_light_oled_mosfet_final_cloud_cmd_lightTask_motordebug_V2.1\stm32f103.uvprojx
Project File Date:  05/07/2025

<h2>Output:</h2>
*** Using Compiler 'V5.06 update 7 (build 960)', folder: 'D:\Software\keilCore\ARM\compiler\Bin'
Build target 'STM32F103'
compiling led.c...
compiling usart3.c...
compiling dht11.c...
hardware\src\dht11.c(16): warning:  #188-D: enumerated type mixed with another type
      DHT11_DQ_OUT(0);     //????DQ
hardware\src\dht11.c(18): warning:  #188-D: enumerated type mixed with another type
      DHT11_DQ_OUT(1);     //DQ=1 
hardware\src\dht11.c: 2 warnings, 0 errors
compiling usart.c...
compiling delay.c...
compiling bsp_adc.c...
compiling key.c...
compiling MOSFET.c...
compiling main.c...
.\OLED\oled.h(65): warning:  #1295-D: Deprecated declaration Picture - give arg types
  void Picture();
.\OLED\oled.h(66): warning:  #1295-D: Deprecated declaration IIC_Start - give arg types
  void IIC_Start();
.\OLED\oled.h(67): warning:  #1295-D: Deprecated declaration IIC_Stop - give arg types
  void IIC_Stop();
.\OLED\oled.h(72): warning:  #1295-D: Deprecated declaration IIC_Wait_Ack - give arg types
  void IIC_Wait_Ack();
user\main.c(68): warning:  #177-D: variable "key_val"  was declared but never referenced
      u8 key_val = 0;
user\main.c(288): warning:  #223-D: function "sprintf" declared implicitly
          sprintf(buf, "%2d", temp);
user\main.c(289): warning:  #167-D: argument of type "char *" is incompatible with parameter of type "u8 *"
          OLED_ShowString(60, 0, buf, 16);
user\main.c(293): warning:  #167-D: argument of type "char *" is incompatible with parameter of type "u8 *"
          OLED_ShowString(60, 2, buf, 16);
user\main.c(297): warning:  #167-D: argument of type "char *" is incompatible with parameter of type "u8 *"
          OLED_ShowString(60, 4, buf, 16);
user\main.c(301): warning:  #167-D: argument of type "char *" is incompatible with parameter of type "u8 *"
          OLED_ShowString(60, 6, buf, 16);
user\main.c(306): warning:  #223-D: function "sprintf" declared implicitly
          sprintf(buf, "%4d", co);
user\main.c(307): warning:  #167-D: argument of type "char *" is incompatible with parameter of type "u8 *"
          OLED_ShowString(48, 0, buf, 16);
user\main.c: 12 warnings, 0 errors
compiling onenet.c...
NET\onenet\src\onenet.c(583): warning:  #177-D: variable "data_ptr"  was declared but never referenced
                  char *data_ptr = NULL;
NET\onenet\src\onenet.c(569): warning:  #177-D: variable "dataPtr"  was declared but never referenced
      char *dataPtr = NULL;
NET\onenet\src\onenet.c(570): warning:  #177-D: variable "numBuf"  was declared but never referenced
      char numBuf[10];
NET\onenet\src\onenet.c(571): warning:  #177-D: variable "num"  was declared but never referenced
      int num = 0;
NET\onenet\src\onenet.c: 4 warnings, 0 errors
linking...
Program Size: Code=47818 RO-data=3490 RW-data=1276 ZI-data=3452  
FromELF: creating hex file...
".\output\stm32f103.axf" - 0 Error(s), 18 Warning(s).

<h2>Software Packages used:</h2>

Package Vendor: ARM
                https://www.keil.com/pack/ARM.CMSIS.6.1.0.pack
                ARM::CMSIS@6.1.0
                CMSIS (Common Microcontroller Software Interface Standard)
   * Component: CORE Version: 6.1.0

Package Vendor: Keil
                https://www.keil.com/pack/Keil.STM32F1xx_DFP.2.4.1.pack
                Keil::STM32F1xx_DFP@2.4.1
                STMicroelectronics STM32F1 Series Device Support, Drivers and Examples

<h2>Collection of Component include folders:</h2>
  ./RTE/_STM32F103
  D:/Software/keilPack/ARM/CMSIS/6.1.0/CMSIS/Core/Include
  D:/Software/keilPack/Keil/STM32F1xx_DFP/2.4.1/Device/Include

<h2>Collection of Component Files used:</h2>

   * Component: ARM::CMSIS:CORE@6.1.0
Build Time Elapsed:  00:00:02
</pre>
</body>
</html>
