Component: ARM Compiler 5.06 update 7 (build 960) Tool: armlink [4d3601]

==============================================================================

Section Cross References

    stm32f10x_it.o(.text) refers to usart.o(.text) for UsartPrintf
    system_stm32f10x.o(.text) refers to system_stm32f10x.o(.data) for SystemCoreClock
    startup_stm32f10x_md.o(STACK) refers (Special) to heapauxi.o(.text) for __use_two_region_memory
    startup_stm32f10x_md.o(HEAP) refers (Special) to heapauxi.o(.text) for __use_two_region_memory
    startup_stm32f10x_md.o(RESET) refers (Special) to heapauxi.o(.text) for __use_two_region_memory
    startup_stm32f10x_md.o(RESET) refers to startup_stm32f10x_md.o(STACK) for __initial_sp
    startup_stm32f10x_md.o(RESET) refers to startup_stm32f10x_md.o(.text) for Reset_Handler
    startup_stm32f10x_md.o(RESET) refers to stm32f10x_it.o(.text) for NMI_Handler
    startup_stm32f10x_md.o(RESET) refers to usart.o(.text) for USART1_IRQHandler
    startup_stm32f10x_md.o(RESET) refers to esp8266.o(.text) for USART2_IRQHandler
    startup_stm32f10x_md.o(RESET) refers to usart3.o(.text) for USART3_IRQHandler
    startup_stm32f10x_md.o(RESET) refers to key.o(.text) for EXTI15_10_IRQHandler
    startup_stm32f10x_md.o(.text) refers (Special) to heapauxi.o(.text) for __use_two_region_memory
    startup_stm32f10x_md.o(.text) refers to system_stm32f10x.o(.text) for SystemInit
    startup_stm32f10x_md.o(.text) refers to __main.o(!!!main) for __main
    startup_stm32f10x_md.o(.text) refers to startup_stm32f10x_md.o(HEAP) for Heap_Mem
    startup_stm32f10x_md.o(.text) refers to startup_stm32f10x_md.o(STACK) for Stack_Mem
    stm32f10x_gpio.o(.text) refers to stm32f10x_rcc.o(.text) for RCC_APB2PeriphResetCmd
    stm32f10x_rcc.o(.text) refers to stm32f10x_rcc.o(.data) for APBAHBPrescTable
    stm32f10x_usart.o(.text) refers to stm32f10x_rcc.o(.text) for RCC_APB2PeriphResetCmd
    stm32f10x_adc.o(.text) refers to stm32f10x_rcc.o(.text) for RCC_APB2PeriphResetCmd
    stm32f10x_tim.o(.text) refers to stm32f10x_rcc.o(.text) for RCC_APB2PeriphResetCmd
    delay.o(.text) refers to delay.o(.data) for UsCount
    usart.o(.text) refers to stm32f10x_rcc.o(.text) for RCC_APB2PeriphClockCmd
    usart.o(.text) refers to stm32f10x_gpio.o(.text) for GPIO_Init
    usart.o(.text) refers to stm32f10x_usart.o(.text) for USART_Init
    usart.o(.text) refers to misc.o(.text) for NVIC_Init
    usart.o(.text) refers to c89vsnprintf.o(.text) for __c89vsnprintf
    led.o(.text) refers to stm32f10x_gpio.o(.text) for GPIO_WriteBit
    led.o(.text) refers to stm32f10x_rcc.o(.text) for RCC_APB2PeriphClockCmd
    led.o(.text) refers to led.o(.data) for led_info
    key.o(.text) refers to stm32f10x_rcc.o(.text) for RCC_APB2PeriphClockCmd
    key.o(.text) refers to stm32f10x_gpio.o(.text) for GPIO_Init
    key.o(.text) refers to stm32f10x_exti.o(.text) for EXTI_Init
    key.o(.text) refers to misc.o(.text) for NVIC_Init
    key.o(.text) refers to delay.o(.text) for DelayXms
    key.o(.text) refers to main.o(.data) for g_key_pb15_pressed_flag
    dht11.o(.text) refers to stm32f10x_gpio.o(.text) for GPIO_WriteBit
    dht11.o(.text) refers to delay.o(.text) for DelayXms
    dht11.o(.text) refers to stm32f10x_rcc.o(.text) for RCC_APB2PeriphClockCmd
    bsp_adc.o(.text) refers to stm32f10x_rcc.o(.text) for RCC_APB2PeriphClockCmd
    bsp_adc.o(.text) refers to stm32f10x_gpio.o(.text) for GPIO_Init
    bsp_adc.o(.text) refers to stm32f10x_dma.o(.text) for DMA_DeInit
    bsp_adc.o(.text) refers to stm32f10x_adc.o(.text) for ADC_Init
    bsp_adc.o(.text) refers to dflt_clz.o(x$fpl$dfltu) for __aeabi_ui2d
    bsp_adc.o(.text) refers to dmul.o(x$fpl$dmul) for __aeabi_dmul
    bsp_adc.o(.text) refers to daddsub_clz.o(x$fpl$dsub) for __aeabi_dsub
    bsp_adc.o(.text) refers to bsp_adc.o(.data) for ADC_ConvertedValue
    bsp_gpio_light.o(.text) refers to stm32f10x_rcc.o(.text) for RCC_APB2PeriphClockCmd
    bsp_gpio_light.o(.text) refers to stm32f10x_gpio.o(.text) for GPIO_SetBits
    bsp_gpio_light.o(.text) refers to led.o(.text) for Led_Set
    bsp_timer_motor.o(.text) refers to stm32f10x_rcc.o(.text) for RCC_APB2PeriphClockCmd
    bsp_timer_motor.o(.text) refers to stm32f10x_gpio.o(.text) for GPIO_Init
    bsp_timer_motor.o(.text) refers to stm32f10x_tim.o(.text) for TIM_TimeBaseInit
    bsp_timer_motor.o(.text) refers to bsp_timer_motor.o(.data) for gpio_initstruct
    bsp_timer_motor.o(.text) refers to bsp_timer_motor.o(.bss) for tim_base_initstruct
    bsp_gpio_beep.o(.text) refers to stm32f10x_rcc.o(.text) for RCC_APB2PeriphClockCmd
    bsp_gpio_beep.o(.text) refers to stm32f10x_gpio.o(.text) for GPIO_ResetBits
    mosfet.o(.text) refers to stm32f10x_rcc.o(.text) for RCC_APB2PeriphClockCmd
    mosfet.o(.text) refers to stm32f10x_gpio.o(.text) for GPIO_Init
    usart3.o(.text) refers to stm32f10x_rcc.o(.text) for RCC_APB1PeriphClockCmd
    usart3.o(.text) refers to stm32f10x_gpio.o(.text) for GPIO_Init
[...]
    USART_OverSampling8Cmd                   0x080010a9   Thumb Code    22  stm32f10x_usart.o(.text)
    USART_OneBitMethodCmd                    0x080010bf   Thumb Code    24  stm32f10x_usart.o(.text)
    USART_IrDAConfig                         0x080010d7   Thumb Code    18  stm32f10x_usart.o(.text)
    USART_IrDACmd                            0x080010e9   Thumb Code    24  stm32f10x_usart.o(.text)
    USART_GetFlagStatus                      0x08001101   Thumb Code    26  stm32f10x_usart.o(.text)
    USART_ClearFlag                          0x0800111b   Thumb Code    18  stm32f10x_usart.o(.text)
    USART_GetITStatus                        0x0800112d   Thumb Code    84  stm32f10x_usart.o(.text)
    USART_ClearITPendingBit                  0x08001181   Thumb Code    52  stm32f10x_usart.o(.text)
    EXTI_DeInit                              0x080011b5   Thumb Code    28  stm32f10x_exti.o(.text)
    EXTI_Init                                0x080011d1   Thumb Code   142  stm32f10x_exti.o(.text)
    EXTI_StructInit                          0x0800125f   Thumb Code    16  stm32f10x_exti.o(.text)
    EXTI_GenerateSWInterrupt                 0x0800126f   Thumb Code    16  stm32f10x_exti.o(.text)
    EXTI_GetFlagStatus                       0x0800127f   Thumb Code    22  stm32f10x_exti.o(.text)
    EXTI_ClearFlag                           0x08001295   Thumb Code     8  stm32f10x_exti.o(.text)
    EXTI_GetITStatus                         0x0800129d   Thumb Code    34  stm32f10x_exti.o(.text)
    EXTI_ClearITPendingBit                   0x080012bf   Thumb Code     8  stm32f10x_exti.o(.text)
    ADC_DeInit                               0x080012d1   Thumb Code    78  stm32f10x_adc.o(.text)
    ADC_Init                                 0x0800131f   Thumb Code    70  stm32f10x_adc.o(.text)
    ADC_StructInit                           0x08001365   Thumb Code    18  stm32f10x_adc.o(.text)
    ADC_Cmd                                  0x08001377   Thumb Code    22  stm32f10x_adc.o(.text)
    ADC_DMACmd                               0x0800138d   Thumb Code    22  stm32f10x_adc.o(.text)
    ADC_ITConfig                             0x080013a3   Thumb Code    24  stm32f10x_adc.o(.text)
    ADC_ResetCalibration                     0x080013bb   Thumb Code    10  stm32f10x_adc.o(.text)
    ADC_GetResetCalibrationStatus            0x080013c5   Thumb Code    20  stm32f10x_adc.o(.text)
    ADC_StartCalibration                     0x080013d9   Thumb Code    10  stm32f10x_adc.o(.text)
    ADC_GetCalibrationStatus                 0x080013e3   Thumb Code    20  stm32f10x_adc.o(.text)
    ADC_SoftwareStartConvCmd                 0x080013f7   Thumb Code    22  stm32f10x_adc.o(.text)
    ADC_GetSoftwareStartConvStatus           0x0800140d   Thumb Code    20  stm32f10x_adc.o(.text)
    ADC_DiscModeChannelCountConfig           0x08001421   Thumb Code    24  stm32f10x_adc.o(.text)
    ADC_DiscModeCmd                          0x08001439   Thumb Code    22  stm32f10x_adc.o(.text)
    ADC_RegularChannelConfig                 0x0800144f   Thumb Code   184  stm32f10x_adc.o(.text)
    ADC_ExternalTrigConvCmd                  0x08001507   Thumb Code    22  stm32f10x_adc.o(.text)
    ADC_GetConversionValue                   0x0800151d   Thumb Code     8  stm32f10x_adc.o(.text)
    ADC_GetDualModeConversionValue           0x08001525   Thumb Code     8  stm32f10x_adc.o(.text)
    ADC_AutoInjectedConvCmd                  0x0800152d   Thumb Code    22  stm32f10x_adc.o(.text)
    ADC_InjectedDiscModeCmd                  0x08001543   Thumb Code    22  stm32f10x_adc.o(.text)
    ADC_ExternalTrigInjectedConvConfig       0x08001559   Thumb Code    16  stm32f10x_adc.o(.text)
    ADC_ExternalTrigInjectedConvCmd          0x08001569   Thumb Code    22  stm32f10x_adc.o(.text)
    ADC_SoftwareStartInjectedConvCmd         0x0800157f   Thumb Code    22  stm32f10x_adc.o(.text)
    ADC_GetSoftwareStartInjectedConvCmdStatus 0x08001595   Thumb Code    20  stm32f10x_adc.o(.text)
    ADC_InjectedChannelConfig                0x080015a9   Thumb Code   130  stm32f10x_adc.o(.text)
    ADC_InjectedSequencerLengthConfig        0x0800162b   Thumb Code    24  stm32f10x_adc.o(.text)
    ADC_SetInjectedOffset                    0x08001643   Thumb Code    20  stm32f10x_adc.o(.text)
    ADC_GetInjectedConversionValue           0x08001657   Thumb Code    28  stm32f10x_adc.o(.text)
    ADC_AnalogWatchdogCmd                    0x08001673   Thumb Code    16  stm32f10x_adc.o(.text)
    ADC_AnalogWatchdogThresholdsConfig       0x08001683   Thumb Code     6  stm32f10x_adc.o(.text)
    ADC_AnalogWatchdogSingleChannelConfig    0x08001689   Thumb Code    16  stm32f10x_adc.o(.text)
    ADC_TempSensorVrefintCmd                 0x08001699   Thumb Code    64  stm32f10x_adc.o(.text)
    ADC_GetFlagStatus                        0x080016d9   Thumb Code    18  stm32f10x_adc.o(.text)
    ADC_ClearFlag                            0x080016eb   Thumb Code     6  stm32f10x_adc.o(.text)
    ADC_GetITStatus                          0x080016f1   Thumb Code    36  stm32f10x_adc.o(.text)
    ADC_ClearITPendingBit                    0x08001715   Thumb Code    10  stm32f10x_adc.o(.text)
    DMA_DeInit                               0x08001721   Thumb Code   324  stm32f10x_dma.o(.text)
    DMA_Init                                 0x08001865   Thumb Code    60  stm32f10x_dma.o(.text)
    DMA_StructInit                           0x080018a1   Thumb Code    26  stm32f10x_dma.o(.text)
    DMA_Cmd                                  0x080018bb   Thumb Code    24  stm32f10x_dma.o(.text)
    DMA_ITConfig                             0x080018d3   Thumb Code    18  stm32f10x_dma.o(.text)
    DMA_SetCurrDataCounter                   0x080018e5   Thumb Code     4  stm32f10x_dma.o(.text)
    DMA_GetCurrDataCounter                   0x080018e9   Thumb Code     8  stm32f10x_dma.o(.text)
    DMA_GetFlagStatus                        0x080018f1   Thumb Code    40  stm32f10x_dma.o(.text)
    DMA_ClearFlag                            0x08001919   Thumb Code    22  stm32f10x_dma.o(.text)
    DMA_GetITStatus                          0x0800192f   Thumb Code    40  stm32f10x_dma.o(.text)
    DMA_ClearITPendingBit                    0x08001957   Thumb Code    22  stm32f10x_dma.o(.text)
    TIM_DeInit                               0x08001975   Thumb Code   424  stm32f10x_tim.o(.text)
    TIM_TimeBaseInit                         0x08001b1d   Thumb Code   122  stm32f10x_tim.o(.text)
    TIM_OC1Init                              0x08001b97   Thumb Code   132  stm32f10x_tim.o(.text)
    TIM_OC2Init                              0x08001c1b   Thumb Code   154  stm32f10x_tim.o(.text)
    TIM_OC3Init                              0x08001cb5   Thumb Code   150  stm32f10x_tim.o(.text)
    TIM_OC4Init                              0x08001d4b   Thumb Code   182  stm32f10x_tim.o(.text)
    TIM_SetIC4Prescaler                      0x08001e01   Thumb Code    26  stm32f10x_tim.o(.text)
    TIM_SetIC3Prescaler                      0x08001e9d   Thumb Code    18  stm32f10x_tim.o(.text)
    TIM_SetIC2Prescaler                      0x08001f29   Thumb Code    26  stm32f10x_tim.o(.text)
    TIM_SetIC1Prescaler                      0x08001fc5   Thumb Code    18  stm32f10x_tim.o(.text)
    TIM_ICInit                               0x08002043   Thumb Code   150  stm32f10x_tim.o(.text)
    TIM_PWMIConfig                           0x080020d9   Thumb Code   124  stm32f10x_tim.o(.text)
    TIM_BDTRConfig                           0x08002155   Thumb Code    32  stm32f10x_tim.o(.text)
    TIM_TimeBaseStructInit                   0x08002175   Thumb Code    18  stm32f10x_tim.o(.text)
    TIM_OCStructInit                         0x08002187   Thumb Code    20  stm32f10x_tim.o(.text)
    TIM_ICStructInit                         0x0800219b   Thumb Code    18  stm32f10x_tim.o(.text)
    TIM_BDTRStructInit                       0x080021ad   Thumb Code    40  stm32f10x_tim.o(.text)
    TIM_Cmd                                  0x080021d5   Thumb Code    24  stm32f10x_tim.o(.text)
    TIM_CtrlPWMOutputs                       0x080021ed   Thumb Code    30  stm32f10x_tim.o(.text)
    TIM_ITConfig                             0x0800220b   Thumb Code    18  stm32f10x_tim.o(.text)
    TIM_GenerateEvent                        0x0800221d   Thumb Code     4  stm32f10x_tim.o(.text)
    TIM_DMAConfig                            0x08002221   Thumb Code    10  stm32f10x_tim.o(.text)
    TIM_DMACmd                               0x0800222b   Thumb Code    18  stm32f10x_tim.o(.text)
    TIM_InternalClockConfig                  0x0800223d   Thumb Code    12  stm32f10x_tim.o(.text)
    TIM_SelectInputTrigger                   0x08002249   Thumb Code    18  stm32f10x_tim.o(.text)
    TIM_ITRxExternalClockConfig              0x0800225b   Thumb Code    24  stm32f10x_tim.o(.text)
    TIM_TIxExternalClockConfig               0x08002273   Thumb Code    62  stm32f10x_tim.o(.text)
    TIM_ETRConfig                            0x080022b1   Thumb Code    28  stm32f10x_tim.o(.text)
    TIM_ETRClockMode1Config                  0x080022cd   Thumb Code    54  stm32f10x_tim.o(.text)
    TIM_ETRClockMode2Config                  0x08002303   Thumb Code    32  stm32f10x_tim.o(.text)
    TIM_PrescalerConfig                      0x08002323   Thumb Code     6  stm32f10x_tim.o(.text)
    TIM_CounterModeConfig                    0x08002329   Thumb Code    18  stm32f10x_tim.o(.text)
    TIM_EncoderInterfaceConfig               0x0800233b   Thumb Code    66  stm32f10x_tim.o(.text)
    TIM_ForcedOC1Config                      0x0800237d   Thumb Code    18  stm32f10x_tim.o(.text)
    TIM_ForcedOC2Config                      0x0800238f   Thumb Code    26  stm32f10x_tim.o(.text)
    TIM_ForcedOC3Config                      0x080023a9   Thumb Code    18  stm32f10x_tim.o(.text)
    TIM_ForcedOC4Config                      0x080023bb   Thumb Code    26  stm32f10x_tim.o(.text)
    TIM_ARRPreloadConfig                     0x080023d5   Thumb Code    24  stm32f10x_tim.o(.text)
    TIM_SelectCOM                            0x080023ed   Thumb Code    24  stm32f10x_tim.o(.text)
    TIM_SelectCCDMA                          0x08002405   Thumb Code    24  stm32f10x_tim.o(.text)
    TIM_CCPreloadControl                     0x0800241d   Thumb Code    24  stm32f10x_tim.o(.text)
    TIM_OC1PreloadConfig                     0x08002435   Thumb Code    18  stm32f10x_tim.o(.text)
    TIM_OC2PreloadConfig                     0x08002447   Thumb Code    26  stm32f10x_tim.o(.text)
    TIM_OC3PreloadConfig                     0x08002461   Thumb Code    18  stm32f10x_tim.o(.text)
    TIM_OC4PreloadConfig                     0x08002473   Thumb Code    26  stm32f10x_tim.o(.text)
    TIM_OC1FastConfig                        0x0800248d   Thumb Code    18  stm32f10x_tim.o(.text)
    TIM_OC2FastConfig                        0x0800249f   Thumb Code    26  stm32f10x_tim.o(.text)
    TIM_OC3FastConfig                        0x080024b9   Thumb Code    18  stm32f10x_tim.o(.text)
    TIM_OC4FastConfig                        0x080024cb   Thumb Code    26  stm32f10x_tim.o(.text)
    TIM_ClearOC1Ref                          0x080024e5   Thumb Code    18  stm32f10x_tim.o(.text)
    TIM_ClearOC2Ref                          0x080024f7   Thumb Code    24  stm32f10x_tim.o(.text)
    TIM_ClearOC3Ref                          0x0800250f   Thumb Code    18  stm32f10x_tim.o(.text)
    TIM_ClearOC4Ref                          0x08002521   Thumb Code    24  stm32f10x_tim.o(.text)
    TIM_OC1PolarityConfig                    0x08002539   Thumb Code    18  stm32f10x_tim.o(.text)
    TIM_OC1NPolarityConfig                   0x0800254b   Thumb Code    18  stm32f10x_tim.o(.text)
    TIM_OC2PolarityConfig                    0x0800255d   Thumb Code    26  stm32f10x_tim.o(.text)
    TIM_OC2NPolarityConfig                   0x08002577   Thumb Code    26  stm32f10x_tim.o(.text)
    TIM_OC3PolarityConfig                    0x08002591   Thumb Code    26  stm32f10x_tim.o(.text)
    TIM_OC3NPolarityConfig                   0x080025ab   Thumb Code    26  stm32f10x_tim.o(.text)
    TIM_OC4PolarityConfig                    0x080025c5   Thumb Code    26  stm32f10x_tim.o(.text)
    TIM_CCxCmd                               0x080025df   Thumb Code    30  stm32f10x_tim.o(.text)
    TIM_CCxNCmd                              0x080025fd   Thumb Code    30  stm32f10x_tim.o(.text)
    TIM_SelectOCxM                           0x0800261b   Thumb Code    82  stm32f10x_tim.o(.text)
    TIM_UpdateDisableConfig                  0x0800266d   Thumb Code    24  stm32f10x_tim.o(.text)
    TIM_UpdateRequestConfig                  0x08002685   Thumb Code    24  stm32f10x_tim.o(.text)
    TIM_SelectHallSensor                     0x0800269d   Thumb Code    24  stm32f10x_tim.o(.text)
    TIM_SelectOnePulseMode                   0x080026b5   Thumb Code    18  stm32f10x_tim.o(.text)
    TIM_SelectOutputTrigger                  0x080026c7   Thumb Code    18  stm32f10x_tim.o(.text)
    TIM_SelectSlaveMode                      0x080026d9   Thumb Code    18  stm32f10x_tim.o(.text)
    TIM_SelectMasterSlaveMode                0x080026eb   Thumb Code    18  stm32f10x_tim.o(.text)
    TIM_SetCounter                           0x080026fd   Thumb Code     4  stm32f10x_tim.o(.text)
    TIM_SetAutoreload                        0x08002701   Thumb Code     4  stm32f10x_tim.o(.text)
    TIM_SetCompare1                          0x08002705   Thumb Code     4  stm32f10x_tim.o(.text)
    TIM_SetCompare2                          0x08002709   Thumb Code     4  stm32f10x_tim.o(.text)
    TIM_SetCompare3                          0x0800270d   Thumb Code     4  stm32f10x_tim.o(.text)
    TIM_SetCompare4                          0x08002711   Thumb Code     6  stm32f10x_tim.o(.text)
    TIM_SetClockDivision                     0x08002717   Thumb Code    18  stm32f10x_tim.o(.text)
    TIM_GetCapture1                          0x08002729   Thumb Code     6  stm32f10x_tim.o(.text)
    TIM_GetCapture2                          0x0800272f   Thumb Code     6  stm32f10x_tim.o(.text)
    TIM_GetCapture3                          0x08002735   Thumb Code     6  stm32f10x_tim.o(.text)
    TIM_GetCapture4                          0x0800273b   Thumb Code     8  stm32f10x_tim.o(.text)
    TIM_GetCounter                           0x08002743   Thumb Code     6  stm32f10x_tim.o(.text)
    TIM_GetPrescaler                         0x08002749   Thumb Code     6  stm32f10x_tim.o(.text)
    TIM_GetFlagStatus                        0x0800274f   Thumb Code    18  stm32f10x_tim.o(.text)
    TIM_ClearFlag                            0x08002761   Thumb Code     6  stm32f10x_tim.o(.text)
    TIM_GetITStatus                          0x08002767   Thumb Code    34  stm32f10x_tim.o(.text)
    TIM_ClearITPendingBit                    0x08002789   Thumb Code     6  stm32f10x_tim.o(.text)
    Delay_Init                               0x08002791   Thumb Code    48  delay.o(.text)
    DelayUs                                  0x080027c1   Thumb Code    60  delay.o(.text)
    DelayXms                                 0x080027fd   Thumb Code    66  delay.o(.text)
    DelayMs                                  0x0800283f   Thumb Code    60  delay.o(.text)
    Usart1_Init                              0x08002885   Thumb Code   166  usart.o(.text)
    Usart2_Init                              0x0800292b   Thumb Code   162  usart.o(.text)
    Usart_SendString                         0x080029cd   Thumb Code    50  usart.o(.text)
    UsartPrintf                              0x080029ff   Thumb Code    72  usart.o(.text)
    USART1_IRQHandler                        0x08002a47   Thumb Code    24  usart.o(.text)
    Led_Set                                  0x08002a6d   Thumb Code    22  led.o(.text)
    Led_Init                                 0x08002a83   Thumb Code    44  led.o(.text)
    Key_Init                                 0x08002ab9   Thumb Code   114  key.o(.text)
    EXTI15_10_IRQHandler                     0x08002b2b   Thumb Code    36  key.o(.text)
    DHT11_Rst                                0x08002b59   Thumb Code    58  dht11.o(.text)
    DHT11_Check                              0x08002b93   Thumb Code   100  dht11.o(.text)
    DHT11_Read_Bit                           0x08002bf7   Thumb Code    82  dht11.o(.text)
    DHT11_Read_Byte                          0x08002c49   Thumb Code    30  dht11.o(.text)
    DHT11_Read_Data                          0x08002c67   Thumb Code    88  dht11.o(.text)
    DHT11_Init                               0x08002cbf   Thumb Code    54  dht11.o(.text)
    ADCx_Init                                0x08002e09   Thumb Code    12  bsp_adc.o(.text)
    rain_num                                 0x08002e15   Thumb Code   132  bsp_adc.o(.text)
    soil_num                                 0x08002e99   Thumb Code    30  bsp_adc.o(.text)
    LIGHT_GPIO_Config                        0x08002ee5   Thumb Code    54  bsp_gpio_light.o(.text)
    LIGHT_Scan                               0x08002f1b   Thumb Code    24  bsp_gpio_light.o(.text)
    Light_Task                               0x08002f33   Thumb Code    30  bsp_gpio_light.o(.text)
    TIMX_Motor_Config                        0x08002f75   Thumb Code   126  bsp_timer_motor.o(.text)
    Motor_Direction_GPIO_Config              0x08002ff3   Thumb Code    60  bsp_timer_motor.o(.text)
    Motor_Forward_Direction                  0x0800302f   Thumb Code    20  bsp_timer_motor.o(.text)
    Motor_Backward_Direction                 0x08003043   Thumb Code    20  bsp_timer_motor.o(.text)
    Motor_Set_Speed                          0x08003057   Thumb Code    20  bsp_timer_motor.o(.text)
    Motor_Stop_By_PWM                        0x0800306b   Thumb Code    10  bsp_timer_motor.o(.text)
    Motor_Run_By_PWM                         0x08003075   Thumb Code    10  bsp_timer_motor.o(.text)
    Motor_Wakeup                             0x0800307f   Thumb Code    12  bsp_timer_motor.o(.text)
    BEEP_GPIO_Config                         0x080030a5   Thumb Code    54  bsp_gpio_beep.o(.text)
    BEEP_ON                                  0x080030db   Thumb Code    30  bsp_gpio_beep.o(.text)
    BEEP_OFF                                 0x080030f9   Thumb Code    30  bsp_gpio_beep.o(.text)
    BEEP_TOGGLE                              0x08003117   Thumb Code     8  bsp_gpio_beep.o(.text)
    Init_MOSFET_pin                          0x08003125   Thumb Code    50  mosfet.o(.text)
    USART3_Config                            0x0800315d   Thumb Code   162  usart3.o(.text)
    USART3_IRQHandler                        0x080031ff   Thumb Code   202  usart3.o(.text)
    CO2GetData                               0x080032c9   Thumb Code    28  usart3.o(.text)
    Refresh_Data                             0x080032fd   Thumb Code   346  main.o(.text)
    Draw_Page_Labels                         0x08003457   Thumb Code   290  main.o(.text)
    Hardware_Init                            0x08003579   Thumb Code   132  main.o(.text)
    main                                     0x080035fd   Thumb Code   748  main.o(.text)
    OneNET_RegisterDevice                    0x08003b67   Thumb Code   216  onenet.o(.text)
    OneNet_DevLink                           0x08003c3f   Thumb Code   242  onenet.o(.text)
    OneNet_FillBuf                           0x08003d31   Thumb Code  1202  onenet.o(.text)
    OneNet_SendData                          0x080041e3   Thumb Code   116  onenet.o(.text)
    OneNET_Publish                           0x08004257   Thumb Code    86  onenet.o(.text)
    OneNET_Subscribe                         0x080042ad   Thumb Code    86  onenet.o(.text)
    OneNet_RevPro                            0x08004303   Thumb Code   410  onenet.o(.text)
    ft                                       0x080046cd   Thumb Code    76  hmac_sha1.o(.text)
    k                                        0x08004719   Thumb Code    34  hmac_sha1.o(.text)
    rotr                                     0x0800473b   Thumb Code    40  hmac_sha1.o(.text)
    rotl                                     0x08004763   Thumb Code    46  hmac_sha1.o(.text)
    sha1                                     0x08004791   Thumb Code   632  hmac_sha1.o(.text)
    hmac_sha1                                0x08004a09   Thumb Code   330  hmac_sha1.o(.text)
    BASE64_Encode                            0x08004b55   Thumb Code   320  base64.o(.text)
    BASE64_Decode                            0x08004c95   Thumb Code   360  base64.o(.text)
    MQTT_NewBuffer                           0x08004e05   Thumb Code    88  mqttkit.o(.text)
    MQTT_DeleteBuffer                        0x08004e5d   Thumb Code    28  mqttkit.o(.text)
    MQTT_DumpLength                          0x08004e79   Thumb Code    46  mqttkit.o(.text)
    MQTT_ReadLength                          0x08004ea7   Thumb Code    70  mqttkit.o(.text)
    MQTT_UnPacketRecv                        0x08004eed   Thumb Code   106  mqttkit.o(.text)
    MQTT_PacketConnect                       0x08004f57   Thumb Code   666  mqttkit.o(.text)
    MQTT_PacketDisConnect                    0x080051f1   Thumb Code    48  mqttkit.o(.text)
    MQTT_UnPacketConnectAck                  0x08005221   Thumb Code    30  mqttkit.o(.text)
    MQTT_PacketPublish                       0x0800523f   Thumb Code   452  mqttkit.o(.text)
    MQTT_PacketSaveData                      0x08005403   Thumb Code    68  mqttkit.o(.text)
    MQTT_PacketSaveBinData                   0x08005447   Thumb Code   192  mqttkit.o(.text)
    MQTT_UnPacketCmd                         0x08005507   Thumb Code   140  mqttkit.o(.text)
    MQTT_PacketCmdResp                       0x08005593   Thumb Code   132  mqttkit.o(.text)
    MQTT_PacketSubscribe                     0x08005617   Thumb Code   254  mqttkit.o(.text)
    MQTT_UnPacketSubscribe                   0x08005715   Thumb Code    52  mqttkit.o(.text)
    MQTT_PacketUnSubscribe                   0x08005749   Thumb Code   300  mqttkit.o(.text)
    MQTT_UnPacketUnSubscribe                 0x08005875   Thumb Code    18  mqttkit.o(.text)
    MQTT_UnPacketPublish                     0x08005887   Thumb Code   440  mqttkit.o(.text)
    MQTT_PacketPublishAck                    0x08005a3f   Thumb Code    72  mqttkit.o(.text)
    MQTT_UnPacketPublishAck                  0x08005a87   Thumb Code    30  mqttkit.o(.text)
    MQTT_PacketPublishRec                    0x08005aa5   Thumb Code    72  mqttkit.o(.text)
    MQTT_UnPacketPublishRec                  0x08005aed   Thumb Code    30  mqttkit.o(.text)
    MQTT_PacketPublishRel                    0x08005b0b   Thumb Code    72  mqttkit.o(.text)
    MQTT_UnPacketPublishRel                  0x08005b53   Thumb Code    36  mqttkit.o(.text)
    MQTT_PacketPublishComp                   0x08005b77   Thumb Code    72  mqttkit.o(.text)
    MQTT_UnPacketPublishComp                 0x08005bbf   Thumb Code    30  mqttkit.o(.text)
    MQTT_PacketPing                          0x08005bdd   Thumb Code    48  mqttkit.o(.text)
    ESP8266_Clear                            0x08005c0d   Thumb Code    20  esp8266.o(.text)
    ESP8266_WaitRecive                       0x08005c21   Thumb Code    42  esp8266.o(.text)
    ESP8266_SendCmd                          0x08005c4b   Thumb Code    76  esp8266.o(.text)
    ESP8266_SendData                         0x08005c97   Thumb Code    46  esp8266.o(.text)
    ESP8266_GetIPD                           0x08005cc5   Thumb Code    68  esp8266.o(.text)
    ESP8266_Init                             0x08005d09   Thumb Code   174  esp8266.o(.text)
    USART2_IRQHandler                        0x08005db7   Thumb Code    64  esp8266.o(.text)
    cJSON_GetErrorPtr                        0x08005ed5   Thumb Code     6  cjson.o(.text)
    cJSON_InitHooks                          0x08005f4f   Thumb Code    48  cjson.o(.text)
    cJSON_Delete                             0x08005f99   Thumb Code    82  cjson.o(.text)
    cJSON_ParseWithOpts                      0x08006b05   Thumb Code   152  cjson.o(.text)
    cJSON_Parse                              0x08006b9d   Thumb Code    16  cjson.o(.text)
    cJSON_Print                              0x0800732d   Thumb Code    18  cjson.o(.text)
    cJSON_PrintUnformatted                   0x0800733f   Thumb Code    18  cjson.o(.text)
    cJSON_PrintBuffered                      0x08007351   Thumb Code    52  cjson.o(.text)
    cJSON_GetArraySize                       0x08007385   Thumb Code    18  cjson.o(.text)
    cJSON_GetArrayItem                       0x08007397   Thumb Code    18  cjson.o(.text)
    cJSON_GetObjectItem                      0x080073a9   Thumb Code    30  cjson.o(.text)
    cJSON_AddItemToArray                     0x080073fd   Thumb Code    42  cjson.o(.text)
    cJSON_AddItemToObject                    0x08007427   Thumb Code    44  cjson.o(.text)
    cJSON_AddItemToObjectCS                  0x08007453   Thumb Code    54  cjson.o(.text)
    cJSON_AddItemReferenceToArray            0x08007489   Thumb Code    24  cjson.o(.text)
    cJSON_AddItemReferenceToObject           0x080074a1   Thumb Code    32  cjson.o(.text)
    cJSON_DetachItemFromArray                0x080074c1   Thumb Code    66  cjson.o(.text)
    cJSON_DeleteItemFromArray                0x08007503   Thumb Code    22  cjson.o(.text)
    cJSON_DetachItemFromObject               0x08007519   Thumb Code    50  cjson.o(.text)
    cJSON_DeleteItemFromObject               0x0800754b   Thumb Code    22  cjson.o(.text)
    cJSON_InsertItemInArray                  0x08007561   Thumb Code    64  cjson.o(.text)
    cJSON_ReplaceItemInArray                 0x080075a1   Thumb Code    76  cjson.o(.text)
    cJSON_ReplaceItemInObject                0x080075ed   Thumb Code    62  cjson.o(.text)
    cJSON_CreateNull                         0x0800762b   Thumb Code    18  cjson.o(.text)
    cJSON_CreateTrue                         0x0800763d   Thumb Code    18  cjson.o(.text)
    cJSON_CreateFalse                        0x0800764f   Thumb Code    18  cjson.o(.text)
    cJSON_CreateBool                         0x08007661   Thumb Code    26  cjson.o(.text)
    cJSON_CreateNumber                       0x0800767b   Thumb Code    36  cjson.o(.text)
    cJSON_CreateString                       0x0800769f   Thumb Code    28  cjson.o(.text)
    cJSON_CreateArray                        0x080076bb   Thumb Code    18  cjson.o(.text)
    cJSON_CreateObject                       0x080076cd   Thumb Code    18  cjson.o(.text)
    cJSON_CreateIntArray                     0x080076df   Thumb Code    68  cjson.o(.text)
    cJSON_CreateFloatArray                   0x08007723   Thumb Code    68  cjson.o(.text)
    cJSON_CreateDoubleArray                  0x08007767   Thumb Code    68  cjson.o(.text)
    cJSON_CreateStringArray                  0x080077ab   Thumb Code    62  cjson.o(.text)
    cJSON_Duplicate                          0x080077e9   Thumb Code   178  cjson.o(.text)
    cJSON_Minify                             0x0800789b   Thumb Code   186  cjson.o(.text)
    IIC_Start                                0x08007955   Thumb Code    36  oled.o(.text)
    IIC_Stop                                 0x08007979   Thumb Code    28  oled.o(.text)
    IIC_Wait_Ack                             0x08007995   Thumb Code    20  oled.o(.text)
    Write_IIC_Byte                           0x080079a9   Thumb Code    80  oled.o(.text)
    Write_IIC_Command                        0x080079f9   Thumb Code    44  oled.o(.text)
    Write_IIC_Data                           0x08007a25   Thumb Code    44  oled.o(.text)
    OLED_WR_Byte                             0x08007a51   Thumb Code    24  oled.o(.text)
    fill_picture                             0x08007a69   Thumb Code    64  oled.o(.text)
    Delay_50ms                               0x08007aa9   Thumb Code    22  oled.o(.text)
    Delay_1ms                                0x08007abf   Thumb Code    26  oled.o(.text)
    OLED_Set_Pos                             0x08007ad9   Thumb Code    40  oled.o(.text)
    OLED_Display_On                          0x08007b01   Thumb Code    28  oled.o(.text)
    OLED_Display_Off                         0x08007b1d   Thumb Code    28  oled.o(.text)
    OLED_Clear                               0x08007b39   Thumb Code    62  oled.o(.text)
    OLED_On                                  0x08007b77   Thumb Code    62  oled.o(.text)
    OLED_ShowChar                            0x08007bb5   Thumb Code   154  oled.o(.text)
    oled_pow                                 0x08007c4f   Thumb Code    22  oled.o(.text)
    OLED_ShowNum                             0x08007c65   Thumb Code   136  oled.o(.text)
    OLED_ShowString                          0x08007ced   Thumb Code    58  oled.o(.text)
    OLED_ShowCHinese                         0x08007d27   Thumb Code   112  oled.o(.text)
    OLED_DrawBMP                             0x08007d97   Thumb Code   118  oled.o(.text)
    OLED_Init                                0x08007e0d   Thumb Code   274  oled.o(.text)
    malloc                                   0x08007f29   Thumb Code    94  h1_alloc.o(.text)
    free                                     0x08007f87   Thumb Code    78  h1_free.o(.text)
    tolower                                  0x08007fd5   Thumb Code    26  tolower.o(.text)
    __c89vsnprintf                           0x08007ff1   Thumb Code    48  c89vsnprintf.o(.text)
    __2sprintf                               0x08008025   Thumb Code    38  __2sprintf.o(.text)
    __2snprintf                              0x08008051   Thumb Code    50  __2snprintf.o(.text)
    _printf_pre_padding                      0x08008089   Thumb Code    44  _printf_pad.o(.text)
    _printf_post_padding                     0x080080b5   Thumb Code    34  _printf_pad.o(.text)
    _printf_str                              0x080080d7   Thumb Code    82  _printf_str.o(.text)
    _printf_int_dec                          0x08008129   Thumb Code   104  _printf_dec.o(.text)
    _printf_longlong_hex                     0x080081a1   Thumb Code    86  _printf_hex_int_ll_ptr.o(.text)
    _printf_int_hex                          0x080081f7   Thumb Code    28  _printf_hex_int_ll_ptr.o(.text)
    _printf_ll_hex                           0x08008213   Thumb Code    12  _printf_hex_int_ll_ptr.o(.text)
    _printf_hex_ptr                          0x0800821f   Thumb Code    18  _printf_hex_int_ll_ptr.o(.text)
    __printf                                 0x08008235   Thumb Code   388  __printf_flags_ss_wp.o(.text)
    __0sscanf                                0x080083bd   Thumb Code    52  __0sscanf.o(.text)
    _scanf_int                               0x080083f9   Thumb Code   332  _scanf_int.o(.text)
    _scanf_string                            0x08008545   Thumb Code   224  _scanf_str.o(.text)
    strchr                                   0x08008625   Thumb Code    20  strchr.o(.text)
    strncat                                  0x08008639   Thumb Code    36  strncat.o(.text)
    strstr                                   0x0800865d   Thumb Code    36  strstr.o(.text)
    strcpy                                   0x08008681   Thumb Code    72  strcpy.o(.text)
    strlen                                   0x080086c9   Thumb Code    62  strlen.o(.text)
    strncmp                                  0x08008707   Thumb Code   150  strncmp.o(.text)
    strcat                                   0x0800879d   Thumb Code    24  strcat.o(.text)
    __aeabi_memcpy                           0x080087b5   Thumb Code     0  rt_memcpy_v6.o(.text)
    __rt_memcpy                              0x080087b5   Thumb Code   138  rt_memcpy_v6.o(.text)
    _memcpy_lastbytes                        0x0800881b   Thumb Code     0  rt_memcpy_v6.o(.text)
    __aeabi_memcpy4                          0x0800883f   Thumb Code     0  rt_memcpy_w.o(.text)
    __aeabi_memcpy8                          0x0800883f   Thumb Code     0  rt_memcpy_w.o(.text)
    __rt_memcpy_w                            0x0800883f   Thumb Code   100  rt_memcpy_w.o(.text)
    _memcpy_lastbytes_aligned                0x08008887   Thumb Code     0  rt_memcpy_w.o(.text)
    __aeabi_memclr                           0x080088a3   Thumb Code     0  rt_memclr.o(.text)
    __rt_memclr                              0x080088a3   Thumb Code    68  rt_memclr.o(.text)
    _memset                                  0x080088a7   Thumb Code     0  rt_memclr.o(.text)
    __aeabi_memclr4                          0x080088e7   Thumb Code     0  rt_memclr_w.o(.text)
    __aeabi_memclr8                          0x080088e7   Thumb Code     0  rt_memclr_w.o(.text)
    __rt_memclr_w                            0x080088e7   Thumb Code    78  rt_memclr_w.o(.text)
    _memset_w                                0x080088eb   Thumb Code     0  rt_memclr_w.o(.text)
    __use_two_region_memory                  0x08008935   Thumb Code     2  heapauxi.o(.text)
    __rt_heap_escrow                         0x08008937   Thumb Code     2  heapauxi.o(.text)
    __rt_heap_expand                         0x08008939   Thumb Code     2  heapauxi.o(.text)
    __rt_ctype_table                         0x0800893d   Thumb Code    16  rt_ctype_table.o(.text)
    __rt_heap_descriptor                     0x0800894d   Thumb Code     8  rt_heap_descriptor_intlibspace.o(.text)
    __use_no_heap                            0x08008955   Thumb Code     2  hguard.o(.text)
    __heap$guard                             0x08008957   Thumb Code     2  hguard.o(.text)
    _terminate_user_alloc                    0x08008959   Thumb Code     2  init_alloc.o(.text)
    _init_user_alloc                         0x0800895b   Thumb Code     2  init_alloc.o(.text)
    __Heap_Full                              0x0800895d   Thumb Code    34  init_alloc.o(.text)
    __Heap_Broken                            0x0800897f   Thumb Code     6  init_alloc.o(.text)
    _init_alloc                              0x08008985   Thumb Code    94  init_alloc.o(.text)
    __Heap_Initialize                        0x080089e3   Thumb Code    10  h1_init.o(.text)
    __Heap_DescSize                          0x080089ed   Thumb Code     4  h1_init.o(.text)
    __read_errno                             0x080089f1   Thumb Code    10  _rserrno.o(.text)
    __set_errno                              0x080089fb   Thumb Code    12  _rserrno.o(.text)
    _printf_truncate_signed                  0x08008a07   Thumb Code    18  _printf_truncate.o(.text)
    _printf_truncate_unsigned                0x08008a19   Thumb Code    18  _printf_truncate.o(.text)
    _printf_int_common                       0x08008a2b   Thumb Code   178  _printf_intcommon.o(.text)
    _printf_charcount                        0x08008add   Thumb Code    40  _printf_charcount.o(.text)
    __lib_sel_fp_printf                      0x08008b05   Thumb Code     2  _printf_fp_dec.o(.text)
    _printf_fp_dec_real                      0x08008cb7   Thumb Code   620  _printf_fp_dec.o(.text)
    _printf_char_common                      0x08008f2f   Thumb Code    32  _printf_char_common.o(.text)
    _sputc                                   0x08008f55   Thumb Code    10  _sputc.o(.text)
    _snputc                                  0x08008f5f   Thumb Code    16  _snputc.o(.text)
    _printf_cs_common                        0x08008f6f   Thumb Code    20  _printf_char.o(.text)
    _printf_char                             0x08008f83   Thumb Code    16  _printf_char.o(.text)
    _printf_string                           0x08008f93   Thumb Code     8  _printf_char.o(.text)
    _printf_wctomb                           0x08008f9d   Thumb Code   182  _printf_wctomb.o(.text)
    _printf_longlong_dec                     0x08009059   Thumb Code   108  _printf_longlong_dec.o(.text)
    _printf_longlong_oct                     0x080090d5   Thumb Code    66  _printf_oct_int_ll.o(.text)
    _printf_int_oct                          0x08009117   Thumb Code    24  _printf_oct_int_ll.o(.text)
    _printf_ll_oct                           0x0800912f   Thumb Code    12  _printf_oct_int_ll.o(.text)
    _chval                                   0x08009145   Thumb Code    28  _chval.o(.text)
    __vfscanf_char                           0x0800916d   Thumb Code    24  scanf_char.o(.text)
    _sgetc                                   0x0800918d   Thumb Code    30  _sgetc.o(.text)
    _sbackspace                              0x080091ab   Thumb Code    34  _sgetc.o(.text)
    __user_libspace                          0x080091cd   Thumb Code     8  libspace.o(.text)
    __user_perproc_libspace                  0x080091cd   Thumb Code     0  libspace.o(.text)
    __user_perthread_libspace                0x080091cd   Thumb Code     0  libspace.o(.text)
    __rt_locale                              0x080091d5   Thumb Code     8  rt_locale_intlibspace.o(.text)
    __aeabi_errno_addr                       0x080091dd   Thumb Code     8  rt_errno_addr_intlibspace.o(.text)
    __errno$intlibspace                      0x080091dd   Thumb Code     0  rt_errno_addr_intlibspace.o(.text)
    __rt_errno_addr$intlibspace              0x080091dd   Thumb Code     0  rt_errno_addr_intlibspace.o(.text)
    __Heap_ProvideMemory                     0x080091e5   Thumb Code    52  h1_extend.o(.text)
    _ll_udiv10                               0x08009219   Thumb Code   138  lludiv10.o(.text)
    isspace                                  0x080092a3   Thumb Code    18  isspace.o(.text)
    _printf_fp_infnan                        0x080092b5   Thumb Code   112  _printf_fp_infnan.o(.text)
    _printf_lcs_common                       0x08009335   Thumb Code    20  _printf_wchar.o(.text)
    _printf_wchar                            0x08009349   Thumb Code    16  _printf_wchar.o(.text)
    _printf_wstring                          0x08009359   Thumb Code     8  _printf_wchar.o(.text)
    __vfscanf                                0x08009361   Thumb Code   880  _scanf.o(.text)
    _btod_etento                             0x080096d5   Thumb Code   224  bigflt0.o(.text)
    _wcrtomb                                 0x080097b9   Thumb Code    64  _wcrtomb.o(.text)
    __rt_SIGRTMEM                            0x080097f9   Thumb Code    14  defsig_rtmem_outer.o(.text)
    __I$use$semihosting                      0x08009807   Thumb Code     0  use_no_semi.o(.text)
    __use_no_semihosting_swi                 0x08009807   Thumb Code     2  use_no_semi.o(.text)
    __semihosting_library_function           0x08009809   Thumb Code     0  indicate_semi.o(.text)
    __user_setup_stackheap                   0x08009809   Thumb Code    74  sys_stackheap_outer.o(.text)
    exit                                     0x08009853   Thumb Code    18  exit.o(.text)
    __sig_exit                               0x08009865   Thumb Code    10  defsig_exit.o(.text)
    __rt_SIGRTMEM_inner                      0x08009871   Thumb Code    22  defsig_rtmem_inner.o(.text)
    strcmp                                   0x080098c1   Thumb Code   128  strcmpv7m.o(.text)
    _sys_exit                                0x08009941   Thumb Code     8  sys_exit.o(.text)
    __default_signal_display                 0x0800994d   Thumb Code    50  defsig_general.o(.text)
    _ttywrch                                 0x0800997f   Thumb Code    14  sys_wrch.o(.text)
    _btod_d2e                                0x0800998d   Thumb Code    62  btod.o(CL$$btod_d2e)
    _d2e_denorm_low                          0x080099cb   Thumb Code    70  btod.o(CL$$btod_d2e_denorm_low)
    _d2e_norm_op1                            0x08009a11   Thumb Code    96  btod.o(CL$$btod_d2e_norm_op1)
    __btod_div_common                        0x08009a71   Thumb Code   696  btod.o(CL$$btod_div_common)
    _e2e                                     0x08009da9   Thumb Code   220  btod.o(CL$$btod_e2e)
    _btod_ediv                               0x08009e85   Thumb Code    42  btod.o(CL$$btod_ediv)
    _btod_emul                               0x08009eaf   Thumb Code    42  btod.o(CL$$btod_emul)
    __btod_mult_common                       0x08009ed9   Thumb Code   580  btod.o(CL$$btod_mult_common)
    __ARM_fpclassify                         0x0800a11d   Thumb Code    40  fpclassify.o(i.__ARM_fpclassify)
    __kernel_poly                            0x0800a145   Thumb Code   170  poly.o(i.__kernel_poly)
    __mathlib_dbl_divzero                    0x0800a1f1   Thumb Code    12  dunder.o(i.__mathlib_dbl_divzero)
    __mathlib_dbl_infnan2                    0x0800a201   Thumb Code     4  dunder.o(i.__mathlib_dbl_infnan2)
    __mathlib_dbl_invalid                    0x0800a205   Thumb Code    12  dunder.o(i.__mathlib_dbl_invalid)
    __mathlib_dbl_overflow                   0x0800a211   Thumb Code    14  dunder.o(i.__mathlib_dbl_overflow)
    __mathlib_dbl_underflow                  0x0800a221   Thumb Code    10  dunder.o(i.__mathlib_dbl_underflow)
    _is_digit                                0x0800a231   Thumb Code    14  __printf_wp.o(i._is_digit)
    floor                                    0x0800a241   Thumb Code   204  floor.o(i.floor)
    pow                                      0x0800a31d   Thumb Code  2512  pow.o(i.pow)
    sqrt                                     0x0800acf5   Thumb Code    76  sqrt.o(i.sqrt)
    _get_lc_ctype                            0x0800ad41   Thumb Code    44  lc_ctype_c.o(locale$$code)
    _get_lc_numeric                          0x0800ad6d   Thumb Code    44  lc_numeric_c.o(locale$$code)
    __aeabi_dadd                             0x0800ad99   Thumb Code     0  daddsub_clz.o(x$fpl$dadd)
    _dadd                                    0x0800ad99   Thumb Code   332  daddsub_clz.o(x$fpl$dadd)
    __fpl_dcheck_NaN1                        0x0800aee9   Thumb Code    10  dcheck1.o(x$fpl$dcheck1)
    __fpl_dcmp_Inf                           0x0800aef9   Thumb Code    24  dcmpi.o(x$fpl$dcmpinf)
    __aeabi_ddiv                             0x0800af11   Thumb Code     0  ddiv.o(x$fpl$ddiv)
    _ddiv                                    0x0800af11   Thumb Code   552  ddiv.o(x$fpl$ddiv)
    __aeabi_cdcmpeq                          0x0800b1c1   Thumb Code     0  deqf.o(x$fpl$deqf)
    _dcmpeq                                  0x0800b1c1   Thumb Code   120  deqf.o(x$fpl$deqf)
    __aeabi_d2iz                             0x0800b239   Thumb Code     0  dfix.o(x$fpl$dfix)
    _dfix                                    0x0800b239   Thumb Code    94  dfix.o(x$fpl$dfix)
    __aeabi_d2uiz                            0x0800b299   Thumb Code     0  dfixu.o(x$fpl$dfixu)
    _dfixu                                   0x0800b299   Thumb Code    90  dfixu.o(x$fpl$dfixu)
    __aeabi_i2d                              0x0800b2f3   Thumb Code     0  dflt_clz.o(x$fpl$dflt)
    _dflt                                    0x0800b2f3   Thumb Code    46  dflt_clz.o(x$fpl$dflt)
    __aeabi_ui2d                             0x0800b321   Thumb Code     0  dflt_clz.o(x$fpl$dfltu)
    _dfltu                                   0x0800b321   Thumb Code    38  dflt_clz.o(x$fpl$dfltu)
    __aeabi_cdcmple                          0x0800b349   Thumb Code     0  dleqf.o(x$fpl$dleqf)
    _dcmple                                  0x0800b349   Thumb Code   120  dleqf.o(x$fpl$dleqf)
    __fpl_dcmple_InfNaN                      0x0800b3ab   Thumb Code     0  dleqf.o(x$fpl$dleqf)
    __aeabi_dmul                             0x0800b3c1   Thumb Code     0  dmul.o(x$fpl$dmul)
    _dmul                                    0x0800b3c1   Thumb Code   332  dmul.o(x$fpl$dmul)
    __fpl_dnaninf                            0x0800b515   Thumb Code   156  dnaninf.o(x$fpl$dnaninf)
    __fpl_dretinf                            0x0800b5b1   Thumb Code    12  dretinf.o(x$fpl$dretinf)
    __aeabi_cdrcmple                         0x0800b5bd   Thumb Code     0  drleqf.o(x$fpl$drleqf)
    _drcmple                                 0x0800b5bd   Thumb Code   108  drleqf.o(x$fpl$drleqf)
    __aeabi_drsub                            0x0800b629   Thumb Code     0  daddsub_clz.o(x$fpl$drsb)
    _drsb                                    0x0800b629   Thumb Code    22  daddsub_clz.o(x$fpl$drsb)
    _dsqrt                                   0x0800b641   Thumb Code   456  dsqrt_noumaal.o(x$fpl$dsqrt)
    __aeabi_dsub                             0x0800b80d   Thumb Code     0  daddsub_clz.o(x$fpl$dsub)
    _dsub                                    0x0800b80d   Thumb Code   464  daddsub_clz.o(x$fpl$dsub)
    __aeabi_f2d                              0x0800b9e1   Thumb Code     0  f2d.o(x$fpl$f2d)
    _f2d                                     0x0800b9e1   Thumb Code    86  f2d.o(x$fpl$f2d)
    __fpl_fnaninf                            0x0800ba37   Thumb Code   140  fnaninf.o(x$fpl$fnaninf)
    _printf_fp_dec                           0x0800bac3   Thumb Code     4  printf1.o(x$fpl$printf1)
    __fpl_return_NaN                         0x0800bac7   Thumb Code   100  retnan.o(x$fpl$retnan)
    __ARM_scalbn                             0x0800bb2b   Thumb Code    92  scalbn.o(x$fpl$scalbn)
    __fpl_cmpreturn                          0x0800bb87   Thumb Code    48  trapv.o(x$fpl$trapveneer)
    __I$use$fp                               0x0800bbb6   Number         0  usenofp.o(x$fpl$usenofp)
    F6x8                                     0x0800bc7d   Data         552  oled.o(.constdata)
    F8X16                                    0x0800bea5   Data        1520  oled.o(.constdata)
    __mathlib_zero                           0x0800c560   Data           8  qnan.o(.constdata)
    Region$$Table$$Base                      0x0800c720   Number         0  anon$$obj.o(Region$$Table)
    Region$$Table$$Limit                     0x0800c740   Number         0  anon$$obj.o(Region$$Table)
    __ctype                                  0x0800c74d   Data           0  lc_ctype_c.o(locale$$data)
    SystemCoreClock                          0x20000000   Data           4  system_stm32f10x.o(.data)
    AHBPrescTable                            0x20000004   Data          16  system_stm32f10x.o(.data)
    UsCount                                  0x20000028   Data           1  delay.o(.data)
    MsCount                                  0x2000002a   Data           2  delay.o(.data)
    led_info                                 0x2000002c   Data           1  led.o(.data)
    ADC_ConvertedValue                       0x2000002e   Data           4  bsp_adc.o(.data)
    gpio_initstruct                          0x20000032   Data           4  bsp_timer_motor.o(.data)
    Usart3_RxPacket                          0x20000036   Data           6  usart3.o(.data)
    Usart3_RxFlag                            0x2000003c   Data           1  usart3.o(.data)
    g_light_manual_override                  0x20000040   Data           1  main.o(.data)
    g_motor_manual_override                  0x20000041   Data           1  main.o(.data)
    g_MOSFET_manual_override                 0x20000042   Data           1  main.o(.data)
    g_manual_light_override_timeout_ticks    0x20000044   Data           4  main.o(.data)
    g_manual_motor_override_timeout_ticks    0x20000048   Data           4  main.o(.data)
    g_manual_MOSFET_override_timeout_ticks   0x2000004c   Data           4  main.o(.data)
    temp                                     0x20000050   Data           1  main.o(.data)
    humi                                     0x20000051   Data           1  main.o(.data)
    temp_value                               0x20000052   Data           1  main.o(.data)
    humi_value                               0x20000053   Data           1  main.o(.data)
    soil_adc_raw                             0x20000054   Data           2  main.o(.data)
    rain_adc_raw                             0x20000056   Data           2  main.o(.data)
    co                                       0x20000058   Data           2  main.o(.data)
    g_motor_status                           0x2000005a   Data           1  main.o(.data)
    g_MOSFET_status                          0x2000005b   Data           1  main.o(.data)
    g_oled_current_page                      0x2000005c   Data           1  main.o(.data)
    g_key_pb15_pressed_flag                  0x2000005d   Data           1  main.o(.data)
    rain_mm_calc                             0x20000060   Data           8  main.o(.data)
    esp8266_cnt                              0x2000006a   Data           2  esp8266.o(.data)
    esp8266_cntPre                           0x2000006c   Data           2  esp8266.o(.data)
    Hzk                                      0x2000007c   Data        1152  oled.o(.data)
    tim_base_initstruct                      0x200004fc   Data          10  bsp_timer_motor.o(.bss)
    tim_oc_initstruct                        0x20000506   Data          16  bsp_timer_motor.o(.bss)
    devid                                    0x20000516   Data          16  onenet.o(.bss)
    key                                      0x20000526   Data          48  onenet.o(.bss)
    esp8266_buf                              0x20000556   Data         700  esp8266.o(.bss)
    __libspace_start                         0x20000814   Data          96  libspace.o(.bss)
    __temporary_stack_top$libspace           0x20000874   Data           0  libspace.o(.bss)



==============================================================================

Memory Map of the image

  Image Entry point : 0x080000ed

  Load Region LR_IROM1 (Base: 0x08000000, Size: 0x0000cd68, Max: 0x00010000, ABSOLUTE, COMPRESSED[0x0000ca50])

    Execution Region ER_IROM1 (Exec base: 0x08000000, Load base: 0x08000000, Size: 0x0000c86c, Max: 0x00010000, ABSOLUTE)

    Exec Addr    Load Addr    Size         Type   Attr      Idx    E Section Name        Object

    0x08000000   0x08000000   0x000000ec   Data   RO          139    RESET               startup_stm32f10x_md.o
    0x080000ec   0x080000ec   0x00000008   Code   RO          982  * !!!main             c_w.l(__main.o)
    0x080000f4   0x080000f4   0x00000034   Code   RO         1397    !!!scatter          c_w.l(__scatter.o)
    0x08000128   0x08000128   0x0000005a   Code   RO         1395    !!dczerorl2         c_w.l(__dczerorl2.o)
    0x08000182   0x08000182   0x00000002   PAD
    0x08000184   0x08000184   0x0000001c   Code   RO         1399    !!handler_zi        c_w.l(__scatter_zi.o)
    0x080001a0   0x080001a0   0x00000000   Code   RO          951    .ARM.Collect$$_printf_percent$$00000000  c_w.l(_printf_percent.o)
    0x080001a0   0x080001a0   0x00000006   Code   RO         1090    .ARM.Collect$$_printf_percent$$00000001  c_w.l(_printf_n.o)
    0x080001a6   0x080001a6   0x00000006   Code   RO         1091    .ARM.Collect$$_printf_percent$$00000002  c_w.l(_printf_p.o)
    0x080001ac   0x080001ac   0x00000006   Code   RO          949    .ARM.Collect$$_printf_percent$$00000003  c_w.l(_printf_f.o)
    0x080001b2   0x080001b2   0x00000006   Code   RO          950    .ARM.Collect$$_printf_percent$$00000004  c_w.l(_printf_e.o)
    0x080001b8   0x080001b8   0x00000006   Code   RO         1095    .ARM.Collect$$_printf_percent$$00000005  c_w.l(_printf_g.o)
    0x080001be   0x080001be   0x00000006   Code   RO         1096    .ARM.Collect$$_printf_percent$$00000006  c_w.l(_printf_a.o)
    0x080001c4   0x080001c4   0x0000000a   Code   RO         1101    .ARM.Collect$$_printf_percent$$00000007  c_w.l(_printf_ll.o)
    0x080001ce   0x080001ce   0x00000006   Code   RO         1093    .ARM.Collect$$_printf_percent$$00000008  c_w.l(_printf_i.o)
    0x080001d4   0x080001d4   0x00000006   Code   RO          948    .ARM.Collect$$_printf_percent$$00000009  c_w.l(_printf_d.o)
    0x080001da   0x080001da   0x00000006   Code   RO         1094    .ARM.Collect$$_printf_percent$$0000000A  c_w.l(_printf_u.o)
    0x080001e0   0x080001e0   0x00000006   Code   RO         1092    .ARM.Collect$$_printf_percent$$0000000B  c_w.l(_printf_o.o)
    0x080001e6   0x080001e6   0x00000006   Code   RO          947    .ARM.Collect$$_printf_percent$$0000000C  c_w.l(_printf_x.o)
    0x080001ec   0x080001ec   0x00000006   Code   RO         1098    .ARM.Collect$$_printf_percent$$0000000D  c_w.l(_printf_lli.o)
    0x080001f2   0x080001f2   0x00000006   Code   RO         1099    .ARM.Collect$$_printf_percent$$0000000E  c_w.l(_printf_lld.o)
    0x080001f8   0x080001f8   0x00000006   Code   RO         1100    .ARM.Collect$$_printf_percent$$0000000F  c_w.l(_printf_llu.o)
    0x080001fe   0x080001fe   0x00000006   Code   RO         1105    .ARM.Collect$$_printf_percent$$00000010  c_w.l(_printf_llo.o)
    0x08000204   0x08000204   0x00000006   Code   RO         1106    .ARM.Collect$$_printf_percent$$00000011  c_w.l(_printf_llx.o)
    0x0800020a   0x0800020a   0x0000000a   Code   RO         1102    .ARM.Collect$$_printf_percent$$00000012  c_w.l(_printf_l.o)
    0x08000214   0x08000214   0x00000006   Code   RO         1089    .ARM.Collect$$_printf_percent$$00000013  c_w.l(_printf_c.o)
    0x0800021a   0x0800021a   0x00000006   Code   RO          946    .ARM.Collect$$_printf_percent$$00000014  c_w.l(_printf_s.o)
    0x08000220   0x08000220   0x00000006   Code   RO         1103    .ARM.Collect$$_printf_percent$$00000015  c_w.l(_printf_lc.o)
    0x08000226   0x08000226   0x00000006   Code   RO         1104    .ARM.Collect$$_printf_percent$$00000016  c_w.l(_printf_ls.o)
    0x0800022c   0x0800022c   0x00000004   Code   RO         1097    .ARM.Collect$$_printf_percent$$00000017  c_w.l(_printf_percent_end.o)
    0x08000230   0x08000230   0x00000002   Code   RO         1328    .ARM.Collect$$libinit$$00000000  c_w.l(libinit.o)
    0x08000232   0x08000232   0x00000000   Code   RO         1116    .ARM.Collect$$libinit$$00000002  c_w.l(libinit2.o)
    0x08000232   0x08000232   0x00000000   Code   RO         1118    .ARM.Collect$$libinit$$00000004  c_w.l(libinit2.o)
    0x08000232   0x08000232   0x00000008   Code   RO         1119    .ARM.Collect$$libinit$$00000005  c_w.l(libinit2.o)
    0x0800023a   0x0800023a   0x00000000   Code   RO         1121    .ARM.Collect$$libinit$$0000000A  c_w.l(libinit2.o)
    0x0800023a   0x0800023a   0x00000000   Code   RO         1123    .ARM.Collect$$libinit$$0000000C  c_w.l(libinit2.o)
    0x0800023a   0x0800023a   0x00000000   Code   RO         1125    .ARM.Collect$$libinit$$0000000E  c_w.l(libinit2.o)
    0x0800023a   0x0800023a   0x00000006   Code   RO         1126    .ARM.Collect$$libinit$$0000000F  c_w.l(libinit2.o)
    0x08000240   0x08000240   0x00000000   Code   RO         1128    .ARM.Collect$$libinit$$00000011  c_w.l(libinit2.o)
    0x08000240   0x08000240   0x0000000c   Code   RO         1129    .ARM.Collect$$libinit$$00000012  c_w.l(libinit2.o)
    0x0800024c   0x0800024c   0x00000000   Code   RO         1130    .ARM.Collect$$libinit$$00000013  c_w.l(libinit2.o)
    0x0800024c   0x0800024c   0x00000000   Code   RO         1132    .ARM.Collect$$libinit$$00000015  c_w.l(libinit2.o)
    0x0800024c   0x0800024c   0x0000000a   Code   RO         1133    .ARM.Collect$$libinit$$00000016  c_w.l(libinit2.o)
    0x08000256   0x08000256   0x00000000   Code   RO         1134    .ARM.Collect$$libinit$$00000017  c_w.l(libinit2.o)
    0x08000256   0x08000256   0x00000000   Code   RO         1136    .ARM.Collect$$libinit$$00000019  c_w.l(libinit2.o)
    0x08000256   0x08000256   0x00000000   Code   RO         1138    .ARM.Collect$$libinit$$0000001B  c_w.l(libinit2.o)
    0x08000256   0x08000256   0x00000000   Code   RO         1140    .ARM.Collect$$libinit$$0000001D  c_w.l(libinit2.o)
    0x08000256   0x08000256   0x00000000   Code   RO         1142    .ARM.Collect$$libinit$$0000001F  c_w.l(libinit2.o)
    0x08000256   0x08000256   0x00000000   Code   RO         1144    .ARM.Collect$$libinit$$00000021  c_w.l(libinit2.o)
    0x08000256   0x08000256   0x00000000   Code   RO         1146    .ARM.Collect$$libinit$$00000023  c_w.l(libinit2.o)
    0x08000256   0x08000256   0x00000000   Code   RO         1148    .ARM.Collect$$libinit$$00000025  c_w.l(libinit2.o)
    0x08000256   0x08000256   0x00000000   Code   RO         1152    .ARM.Collect$$libinit$$0000002C  c_w.l(libinit2.o)
    0x08000256   0x08000256   0x00000000   Code   RO         1154    .ARM.Collect$$libinit$$0000002E  c_w.l(libinit2.o)
    0x08000256   0x08000256   0x00000000   Code   RO         1156    .ARM.Collect$$libinit$$00000030  c_w.l(libinit2.o)
    0x08000256   0x08000256   0x00000000   Code   RO         1158    .ARM.Collect$$libinit$$00000032  c_w.l(libinit2.o)
    0x08000256   0x08000256   0x00000002   Code   RO         1159    .ARM.Collect$$libinit$$00000033  c_w.l(libinit2.o)
    0x08000258   0x08000258   0x00000002   Code   RO         1392    .ARM.Collect$$libshutdown$$00000000  c_w.l(libshutdown.o)
    0x0800025a   0x0800025a   0x00000000   Code   RO         1344    .ARM.Collect$$libshutdown$$00000002  c_w.l(libshutdown2.o)
    0x0800025a   0x0800025a   0x00000000   Code   RO         1346    .ARM.Collect$$libshutdown$$00000004  c_w.l(libshutdown2.o)
    0x0800025a   0x0800025a   0x00000000   Code   RO         1348    .ARM.Collect$$libshutdown$$00000006  c_w.l(libshutdown2.o)
    0x0800025a   0x0800025a   0x00000000   Code   RO         1351    .ARM.Collect$$libshutdown$$00000009  c_w.l(libshutdown2.o)
    0x0800025a   0x0800025a   0x00000000   Code   RO         1354    .ARM.Collect$$libshutdown$$0000000C  c_w.l(libshutdown2.o)
    0x0800025a   0x0800025a   0x00000000   Code   RO         1356    .ARM.Collect$$libshutdown$$0000000E  c_w.l(libshutdown2.o)
    0x0800025a   0x0800025a   0x00000000   Code   RO         1359    .ARM.Collect$$libshutdown$$00000011  c_w.l(libshutdown2.o)
    0x0800025a   0x0800025a   0x00000002   Code   RO         1360    .ARM.Collect$$libshutdown$$00000012  c_w.l(libshutdown2.o)
    0x0800025c   0x0800025c   0x00000000   Code   RO         1032    .ARM.Collect$$rtentry$$00000000  c_w.l(__rtentry.o)
    0x0800025c   0x0800025c   0x00000000   Code   RO         1208    .ARM.Collect$$rtentry$$00000002  c_w.l(__rtentry2.o)
    0x0800025c   0x0800025c   0x00000006   Code   RO         1220    .ARM.Collect$$rtentry$$00000004  c_w.l(__rtentry4.o)
    0x08000262   0x08000262   0x00000000   Code   RO         1210    .ARM.Collect$$rtentry$$00000009  c_w.l(__rtentry2.o)
    0x08000262   0x08000262   0x00000004   Code   RO         1211    .ARM.Collect$$rtentry$$0000000A  c_w.l(__rtentry2.o)
    0x08000266   0x08000266   0x00000000   Code   RO         1213    .ARM.Collect$$rtentry$$0000000C  c_w.l(__rtentry2.o)
    0x08000266   0x08000266   0x00000008   Code   RO         1214    .ARM.Collect$$rtentry$$0000000D  c_w.l(__rtentry2.o)
    0x0800026e   0x0800026e   0x00000002   Code   RO         1333    .ARM.Collect$$rtexit$$00000000  c_w.l(rtexit.o)
    0x08000270   0x08000270   0x00000000   Code   RO         1366    .ARM.Collect$$rtexit$$00000002  c_w.l(rtexit2.o)
    0x08000270   0x08000270   0x00000004   Code   RO         1367    .ARM.Collect$$rtexit$$00000003  c_w.l(rtexit2.o)
    0x08000274   0x08000274   0x00000006   Code   RO         1368    .ARM.Collect$$rtexit$$00000004  c_w.l(rtexit2.o)
    0x0800027a   0x0800027a   0x00000002   PAD
    0x0800027c   0x0800027c   0x00000000   Code   RO         1234    .emb_text           c_w.l(maybetermalloc1.o)
    0x0800027c   0x0800027c   0x00000134   Code   RO           17    .text               stm32f10x_it.o
    0x080003b0   0x080003b0   0x000001e0   Code   RO          119    .text               system_stm32f10x.o
    0x08000590   0x08000590   0x00000040   Code   RO          140    .text               startup_stm32f10x_md.o
    0x080005d0   0x080005d0   0x000000dc   Code   RO          144    .text               misc.o
    0x080006ac   0x080006ac   0x0000035c   Code   RO          182    .text               stm32f10x_gpio.o
    0x08000a08   0x08000a08   0x000003a4   Code   RO          194    .text               stm32f10x_rcc.o
    0x08000dac   0x08000dac   0x00000408   Code   RO          208    .text               stm32f10x_usart.o
    0x080011b4   0x080011b4   0x0000011c   Code   RO          220    .text               stm32f10x_exti.o
    0x080012d0   0x080012d0   0x0000044e   Code   RO          232    .text               stm32f10x_adc.o
    0x0800171e   0x0800171e   0x00000002   PAD
    0x08001720   0x08001720   0x00000254   Code   RO          244    .text               stm32f10x_dma.o
    0x08001974   0x08001974   0x00000e1a   Code   RO          256    .text               stm32f10x_tim.o
    0x0800278e   0x0800278e   0x00000002   PAD
    0x08002790   0x08002790   0x000000f4   Code   RO          268    .text               delay.o
    0x08002884   0x08002884   0x000001e8   Code   RO          369    .text               usart.o
    0x08002a6c   0x08002a6c   0x0000004c   Code   RO          394    .text               led.o
    0x08002ab8   0x08002ab8   0x000000a0   Code   RO          412    .text               key.o
    0x08002b58   0x08002b58   0x000001a0   Code   RO          432    .text               dht11.o
    0x08002cf8   0x08002cf8   0x000001ec   Code   RO          447    .text               bsp_adc.o
    0x08002ee4   0x08002ee4   0x00000070   Code   RO          465    .text               bsp_gpio_light.o
    0x08002f54   0x08002f54   0x00000150   Code   RO          488    .text               bsp_timer_motor.o
    0x080030a4   0x080030a4   0x00000080   Code   RO          507    .text               bsp_gpio_beep.o
    0x08003124   0x08003124   0x00000038   Code   RO          522    .text               mosfet.o
    0x0800315c   0x0800315c   0x000001a0   Code   RO          559    .text               usart3.o
    0x080032fc   0x080032fc   0x00000658   Code   RO          577    .text               main.o
    0x08003954   0x08003954   0x00000d78   Code   RO          621    .text               onenet.o
    0x080046cc   0x080046cc   0x00000486   Code   RO          667    .text               hmac_sha1.o
    0x08004b52   0x08004b52   0x00000002   PAD
    0x08004b54   0x08004b54   0x000002b0   Code   RO          689    .text               base64.o
    0x08004e04   0x08004e04   0x00000e08   Code   RO          713    .text               mqttkit.o
    0x08005c0c   0x08005c0c   0x000002c8   Code   RO          741    .text               esp8266.o
    0x08005ed4   0x08005ed4   0x00001a80   Code   RO          764    .text               cjson.o
    0x08007954   0x08007954   0x000005d4   Code   RO          799    .text               oled.o
    0x08007f28   0x08007f28   0x0000005e   Code   RO          827    .text               c_w.l(h1_alloc.o)
    0x08007f86   0x08007f86   0x0000004e   Code   RO          829    .text               c_w.l(h1_free.o)
    0x08007fd4   0x08007fd4   0x0000001a   Code   RO          885    .text               c_w.l(tolower.o)
    0x08007fee   0x08007fee   0x00000002   PAD
    0x08007ff0   0x08007ff0   0x00000034   Code   RO          887    .text               c_w.l(c89vsnprintf.o)
    0x08008024   0x08008024   0x0000002c   Code   RO          889    .text               c_w.l(__2sprintf.o)
    0x08008050   0x08008050   0x00000038   Code   RO          891    .text               c_w.l(__2snprintf.o)
    0x08008088   0x08008088   0x0000004e   Code   RO          899    .text               c_w.l(_printf_pad.o)
    0x080080d6   0x080080d6   0x00000052   Code   RO          901    .text               c_w.l(_printf_str.o)
    0x08008128   0x08008128   0x00000078   Code   RO          903    .text               c_w.l(_printf_dec.o)
    0x080081a0   0x080081a0   0x00000094   Code   RO          923    .text               c_w.l(_printf_hex_int_ll_ptr.o)
    0x08008234   0x08008234   0x00000188   Code   RO          943    .text               c_w.l(__printf_flags_ss_wp.o)
    0x080083bc   0x080083bc   0x0000003c   Code   RO          952    .text               c_w.l(__0sscanf.o)
    0x080083f8   0x080083f8   0x0000014c   Code   RO          954    .text               c_w.l(_scanf_int.o)
    0x08008544   0x08008544   0x000000e0   Code   RO          956    .text               c_w.l(_scanf_str.o)
    0x08008624   0x08008624   0x00000014   Code   RO          958    .text               c_w.l(strchr.o)
    0x08008638   0x08008638   0x00000024   Code   RO          960    .text               c_w.l(strncat.o)
    0x0800865c   0x0800865c   0x00000024   Code   RO          962    .text               c_w.l(strstr.o)
    0x08008680   0x08008680   0x00000048   Code   RO          964    .text               c_w.l(strcpy.o)
    0x080086c8   0x080086c8   0x0000003e   Code   RO          966    .text               c_w.l(strlen.o)
    0x08008706   0x08008706   0x00000096   Code   RO          968    .text               c_w.l(strncmp.o)
    0x0800879c   0x0800879c   0x00000018   Code   RO          970    .text               c_w.l(strcat.o)
    0x080087b4   0x080087b4   0x0000008a   Code   RO          972    .text               c_w.l(rt_memcpy_v6.o)
    0x0800883e   0x0800883e   0x00000064   Code   RO          974    .text               c_w.l(rt_memcpy_w.o)
    0x080088a2   0x080088a2   0x00000044   Code   RO          976    .text               c_w.l(rt_memclr.o)
    0x080088e6   0x080088e6   0x0000004e   Code   RO          978    .text               c_w.l(rt_memclr_w.o)
    0x08008934   0x08008934   0x00000006   Code   RO          980    .text               c_w.l(heapauxi.o)
    0x0800893a   0x0800893a   0x00000002   PAD
    0x0800893c   0x0800893c   0x00000010   Code   RO         1033    .text               c_w.l(rt_ctype_table.o)
    0x0800894c   0x0800894c   0x00000008   Code   RO         1038    .text               c_w.l(rt_heap_descriptor_intlibspace.o)
    0x08008954   0x08008954   0x00000004   Code   RO         1040    .text               c_w.l(hguard.o)
    0x08008958   0x08008958   0x0000008a   Code   RO         1042    .text               c_w.l(init_alloc.o)
    0x080089e2   0x080089e2   0x0000000e   Code   RO         1046    .text               c_w.l(h1_init.o)
    0x080089f0   0x080089f0   0x00000016   Code   RO         1060    .text               c_w.l(_rserrno.o)
    0x08008a06   0x08008a06   0x00000024   Code   RO         1062    .text               c_w.l(_printf_truncate.o)
    0x08008a2a   0x08008a2a   0x000000b2   Code   RO         1064    .text               c_w.l(_printf_intcommon.o)
    0x08008adc   0x08008adc   0x00000028   Code   RO         1066    .text               c_w.l(_printf_charcount.o)
    0x08008b04   0x08008b04   0x0000041e   Code   RO         1068    .text               c_w.l(_printf_fp_dec.o)
    0x08008f22   0x08008f22   0x00000002   PAD
    0x08008f24   0x08008f24   0x00000030   Code   RO         1070    .text               c_w.l(_printf_char_common.o)
    0x08008f54   0x08008f54   0x0000000a   Code   RO         1072    .text               c_w.l(_sputc.o)
    0x08008f5e   0x08008f5e   0x00000010   Code   RO         1074    .text               c_w.l(_snputc.o)
    0x08008f6e   0x08008f6e   0x0000002c   Code   RO         1076    .text               c_w.l(_printf_char.o)
    0x08008f9a   0x08008f9a   0x00000002   PAD
    0x08008f9c   0x08008f9c   0x000000bc   Code   RO         1078    .text               c_w.l(_printf_wctomb.o)
    0x08009058   0x08009058   0x0000007c   Code   RO         1081    .text               c_w.l(_printf_longlong_dec.o)
    0x080090d4   0x080090d4   0x00000070   Code   RO         1087    .text               c_w.l(_printf_oct_int_ll.o)
    0x08009144   0x08009144   0x0000001c   Code   RO         1107    .text               c_w.l(_chval.o)
    0x08009160   0x08009160   0x0000002c   Code   RO         1109    .text               c_w.l(scanf_char.o)
    0x0800918c   0x0800918c   0x00000040   Code   RO         1111    .text               c_w.l(_sgetc.o)
    0x080091cc   0x080091cc   0x00000008   Code   RO         1204    .text               c_w.l(libspace.o)
    0x080091d4   0x080091d4   0x00000008   Code   RO         1225    .text               c_w.l(rt_locale_intlibspace.o)
    0x080091dc   0x080091dc   0x00000008   Code   RO         1230    .text               c_w.l(rt_errno_addr_intlibspace.o)
    0x080091e4   0x080091e4   0x00000034   Code   RO         1236    .text               c_w.l(h1_extend.o)
    0x08009218   0x08009218   0x0000008a   Code   RO         1240    .text               c_w.l(lludiv10.o)
    0x080092a2   0x080092a2   0x00000012   Code   RO         1242    .text               c_w.l(isspace.o)
    0x080092b4   0x080092b4   0x00000080   Code   RO         1244    .text               c_w.l(_printf_fp_infnan.o)
    0x08009334   0x08009334   0x0000002c   Code   RO         1248    .text               c_w.l(_printf_wchar.o)
    0x08009360   0x08009360   0x00000374   Code   RO         1250    .text               c_w.l(_scanf.o)
    0x080096d4   0x080096d4   0x000000e4   Code   RO         1252    .text               c_w.l(bigflt0.o)
    0x080097b8   0x080097b8   0x00000040   Code   RO         1277    .text               c_w.l(_wcrtomb.o)
    0x080097f8   0x080097f8   0x0000000e   Code   RO         1285    .text               c_w.l(defsig_rtmem_outer.o)
    0x08009806   0x08009806   0x00000002   Code   RO         1302    .text               c_w.l(use_no_semi.o)
    0x08009808   0x08009808   0x00000000   Code   RO         1304    .text               c_w.l(indicate_semi.o)
    0x08009808   0x08009808   0x0000004a   Code   RO         1305    .text               c_w.l(sys_stackheap_outer.o)
    0x08009852   0x08009852   0x00000012   Code   RO         1311    .text               c_w.l(exit.o)
    0x08009864   0x08009864   0x0000000a   Code   RO         1313    .text               c_w.l(defsig_exit.o)
    0x0800986e   0x0800986e   0x00000002   PAD
    0x08009870   0x08009870   0x00000050   Code   RO         1315    .text               c_w.l(defsig_rtmem_inner.o)
    0x080098c0   0x080098c0   0x00000080   Code   RO         1317    .text               c_w.l(strcmpv7m.o)
    0x08009940   0x08009940   0x0000000c   Code   RO         1331    .text               c_w.l(sys_exit.o)
    0x0800994c   0x0800994c   0x00000032   Code   RO         1341    .text               c_w.l(defsig_general.o)
    0x0800997e   0x0800997e   0x0000000e   Code   RO         1363    .text               c_w.l(sys_wrch.o)
    0x0800998c   0x0800998c   0x0000003e   Code   RO         1255    CL$$btod_d2e        c_w.l(btod.o)
    0x080099ca   0x080099ca   0x00000046   Code   RO         1257    CL$$btod_d2e_denorm_low  c_w.l(btod.o)
    0x08009a10   0x08009a10   0x00000060   Code   RO         1256    CL$$btod_d2e_norm_op1  c_w.l(btod.o)
    0x08009a70   0x08009a70   0x00000338   Code   RO         1265    CL$$btod_div_common  c_w.l(btod.o)
    0x08009da8   0x08009da8   0x000000dc   Code   RO         1262    CL$$btod_e2e        c_w.l(btod.o)
    0x08009e84   0x08009e84   0x0000002a   Code   RO         1259    CL$$btod_ediv       c_w.l(btod.o)
    0x08009eae   0x08009eae   0x0000002a   Code   RO         1258    CL$$btod_emul       c_w.l(btod.o)
    0x08009ed8   0x08009ed8   0x00000244   Code   RO         1264    CL$$btod_mult_common  c_w.l(btod.o)
    0x0800a11c   0x0800a11c   0x00000028   Code   RO         1189    i.__ARM_fpclassify  m_ws.l(fpclassify.o)
    0x0800a144   0x0800a144   0x000000aa   Code   RO         1191    i.__kernel_poly     m_ws.l(poly.o)
    0x0800a1ee   0x0800a1ee   0x00000002   PAD
    0x0800a1f0   0x0800a1f0   0x00000010   Code   RO         1175    i.__mathlib_dbl_divzero  m_ws.l(dunder.o)
    0x0800a200   0x0800a200   0x00000004   Code   RO         1177    i.__mathlib_dbl_infnan2  m_ws.l(dunder.o)
    0x0800a204   0x0800a204   0x0000000c   Code   RO         1178    i.__mathlib_dbl_invalid  m_ws.l(dunder.o)
    0x0800a210   0x0800a210   0x0000000e   Code   RO         1179    i.__mathlib_dbl_overflow  m_ws.l(dunder.o)
    0x0800a21e   0x0800a21e   0x00000002   PAD
    0x0800a220   0x0800a220   0x00000010   Code   RO         1181    i.__mathlib_dbl_underflow  m_ws.l(dunder.o)
    0x0800a230   0x0800a230   0x0000000e   Code   RO          936    i._is_digit         c_w.l(__printf_wp.o)
    0x0800a23e   0x0800a23e   0x00000002   PAD
    0x0800a240   0x0800a240   0x000000dc   Code   RO         1017    i.floor             m_ws.l(floor.o)
    0x0800a31c   0x0800a31c   0x000009d8   Code   RO         1021    i.pow               m_ws.l(pow.o)
    0x0800acf4   0x0800acf4   0x0000004c   Code   RO         1195    i.sqrt              m_ws.l(sqrt.o)
    0x0800ad40   0x0800ad40   0x0000002c   Code   RO         1280    locale$$code        c_w.l(lc_ctype_c.o)
    0x0800ad6c   0x0800ad6c   0x0000002c   Code   RO         1283    locale$$code        c_w.l(lc_numeric_c.o)
    0x0800ad98   0x0800ad98   0x00000150   Code   RO          984    x$fpl$dadd          fz_ws.l(daddsub_clz.o)
    0x0800aee8   0x0800aee8   0x00000010   Code   RO         1294    x$fpl$dcheck1       fz_ws.l(dcheck1.o)
    0x0800aef8   0x0800aef8   0x00000018   Code   RO         1160    x$fpl$dcmpinf       fz_ws.l(dcmpi.o)
    0x0800af10   0x0800af10   0x000002b0   Code   RO         1163    x$fpl$ddiv          fz_ws.l(ddiv.o)
    0x0800b1c0   0x0800b1c0   0x00000078   Code   RO          990    x$fpl$deqf          fz_ws.l(deqf.o)
    0x0800b238   0x0800b238   0x0000005e   Code   RO          992    x$fpl$dfix          fz_ws.l(dfix.o)
    0x0800b296   0x0800b296   0x00000002   PAD
    0x0800b298   0x0800b298   0x0000005a   Code   RO          996    x$fpl$dfixu         fz_ws.l(dfixu.o)
    0x0800b2f2   0x0800b2f2   0x0000002e   Code   RO         1001    x$fpl$dflt          fz_ws.l(dflt_clz.o)
    0x0800b320   0x0800b320   0x00000026   Code   RO         1000    x$fpl$dfltu         fz_ws.l(dflt_clz.o)
    0x0800b346   0x0800b346   0x00000002   PAD
    0x0800b348   0x0800b348   0x00000078   Code   RO         1006    x$fpl$dleqf         fz_ws.l(dleqf.o)
    0x0800b3c0   0x0800b3c0   0x00000154   Code   RO         1008    x$fpl$dmul          fz_ws.l(dmul.o)
    0x0800b514   0x0800b514   0x0000009c   Code   RO         1166    x$fpl$dnaninf       fz_ws.l(dnaninf.o)
    0x0800b5b0   0x0800b5b0   0x0000000c   Code   RO         1168    x$fpl$dretinf       fz_ws.l(dretinf.o)
    0x0800b5bc   0x0800b5bc   0x0000006c   Code   RO         1010    x$fpl$drleqf        fz_ws.l(drleqf.o)
    0x0800b628   0x0800b628   0x00000016   Code   RO          985    x$fpl$drsb          fz_ws.l(daddsub_clz.o)
    0x0800b63e   0x0800b63e   0x00000002   PAD
    0x0800b640   0x0800b640   0x000001cc   Code   RO         1296    x$fpl$dsqrt         fz_ws.l(dsqrt_noumaal.o)
    0x0800b80c   0x0800b80c   0x000001d4   Code   RO          986    x$fpl$dsub          fz_ws.l(daddsub_clz.o)
    0x0800b9e0   0x0800b9e0   0x00000056   Code   RO         1012    x$fpl$f2d           fz_ws.l(f2d.o)
    0x0800ba36   0x0800ba36   0x0000008c   Code   RO         1170    x$fpl$fnaninf       fz_ws.l(fnaninf.o)
    0x0800bac2   0x0800bac2   0x00000004   Code   RO         1014    x$fpl$printf1       fz_ws.l(printf1.o)
    0x0800bac6   0x0800bac6   0x00000064   Code   RO         1329    x$fpl$retnan        fz_ws.l(retnan.o)
    0x0800bb2a   0x0800bb2a   0x0000005c   Code   RO         1172    x$fpl$scalbn        fz_ws.l(scalbn.o)
    0x0800bb86   0x0800bb86   0x00000030   Code   RO         1361    x$fpl$trapveneer    fz_ws.l(trapv.o)
    0x0800bbb6   0x0800bbb6   0x00000000   Code   RO         1174    x$fpl$usenofp       fz_ws.l(usenofp.o)
    0x0800bbb6   0x0800bbb6   0x000000c0   Data   RO          690    .constdata          base64.o
    0x0800bc76   0x0800bc76   0x00000007   Data   RO          765    .constdata          cjson.o
    0x0800bc7d   0x0800bc7d   0x00000818   Data   RO          800    .constdata          oled.o
    0x0800c495   0x0800c495   0x00000028   Data   RO          924    .constdata          c_w.l(_printf_hex_int_ll_ptr.o)
    0x0800c4bd   0x0800c4bd   0x00000011   Data   RO          944    .constdata          c_w.l(__printf_flags_ss_wp.o)
    0x0800c4ce   0x0800c4ce   0x00000002   PAD
    0x0800c4d0   0x0800c4d0   0x00000088   Data   RO         1022    .constdata          m_ws.l(pow.o)
    0x0800c558   0x0800c558   0x00000008   Data   RO         1079    .constdata          c_w.l(_printf_wctomb.o)
    0x0800c560   0x0800c560   0x00000008   Data   RO         1193    .constdata          m_ws.l(qnan.o)
    0x0800c568   0x0800c568   0x00000094   Data   RO         1253    .constdata          c_w.l(bigflt0.o)
    0x0800c5fc   0x0800c5fc   0x00000123   Data   RO          623    .conststring        onenet.o
    0x0800c71f   0x0800c71f   0x00000001   PAD
    0x0800c720   0x0800c720   0x00000020   Data   RO         1393    Region$$Table       anon$$obj.o
    0x0800c740   0x0800c740   0x00000110   Data   RO         1279    locale$$data        c_w.l(lc_ctype_c.o)
    0x0800c850   0x0800c850   0x0000001c   Data   RO         1282    locale$$data        c_w.l(lc_numeric_c.o)


    Execution Region RW_IRAM1 (Exec base: 0x20000000, Load base: 0x0800c86c, Size: 0x00001278, Max: 0x00005000, ABSOLUTE, COMPRESSED[0x000001e4])

    Exec Addr    Load Addr    Size         Type   Attr      Idx    E Section Name        Object

    0x20000000   COMPRESSED   0x00000014   Data   RW          120    .data               system_stm32f10x.o
    0x20000014   COMPRESSED   0x00000014   Data   RW          195    .data               stm32f10x_rcc.o
    0x20000028   COMPRESSED   0x00000004   Data   RW          269    .data               delay.o
    0x2000002c   COMPRESSED   0x00000001   Data   RW          395    .data               led.o
    0x2000002d   COMPRESSED   0x00000001   PAD
    0x2000002e   COMPRESSED   0x00000004   Data   RW          448    .data               bsp_adc.o
    0x20000032   COMPRESSED   0x00000004   Data   RW          490    .data               bsp_timer_motor.o
    0x20000036   COMPRESSED   0x00000009   Data   RW          560    .data               usart3.o
    0x2000003f   COMPRESSED   0x00000001   PAD
    0x20000040   COMPRESSED   0x00000028   Data   RW          578    .data               main.o
    0x20000068   COMPRESSED   0x00000002   Data   RW          624    .data               onenet.o
    0x2000006a   COMPRESSED   0x00000004   Data   RW          743    .data               esp8266.o
    0x2000006e   COMPRESSED   0x00000002   PAD
    0x20000070   COMPRESSED   0x0000000c   Data   RW          766    .data               cjson.o
    0x2000007c   COMPRESSED   0x00000480   Data   RW          801    .data               oled.o
    0x200004fc        -       0x0000001a   Zero   RW          489    .bss                bsp_timer_motor.o
    0x20000516        -       0x00000040   Zero   RW          622    .bss                onenet.o
    0x20000556        -       0x000002bc   Zero   RW          742    .bss                esp8266.o
    0x20000812   COMPRESSED   0x00000002   PAD
    0x20000814        -       0x00000060   Zero   RW         1205    .bss                c_w.l(libspace.o)
    0x20000874   COMPRESSED   0x00000004   PAD
    0x20000878        -       0x00000200   Zero   RW          138    HEAP                startup_stm32f10x_md.o
    0x20000a78        -       0x00000800   Zero   RW          137    STACK               startup_stm32f10x_md.o


==============================================================================

Image component sizes


      Code (inc. data)   RO Data    RW Data    ZI Data      Debug   Object Name

       688          8        192          0          0       3354   base64.o
       492         46          0          4          0       2243   bsp_adc.o
       128          6          0          0          0       2224   bsp_gpio_beep.o
       112          4          0          0          0       1436   bsp_gpio_light.o
       336         26          0          4         26       2325   bsp_timer_motor.o
      6784        208          7         12          0      24436   cjson.o
         0          0          0          0          0       4564   core_cm3.o
       244         10          0          4          0     240904   delay.o
       416          4          0          0          0       2278   dht11.o
       712        222          0          4        700       3127   esp8266.o
      1158         28          0          0          0       3260   hmac_sha1.o
       160         10          0          0          0        800   key.o
        76         10          0          1          0       1438   led.o
      1624        376          0         40          0       3971   main.o
       220         22          0          0          0     216565   misc.o
        56          6          0          0          0        582   mosfet.o
      3592         74          0          0          0      15475   mqttkit.o
      1492         24       2072       1152          0       6943   oled.o
      3448       1422        291          2         64      10946   onenet.o
        64         26        236          0       2560        868   startup_stm32f10x_md.o
      1102         26          0          0          0      11073   stm32f10x_adc.o
       596          8          0          0          0       4402   stm32f10x_dma.o
       284         10          0          0          0       2291   stm32f10x_exti.o
       860         38          0          0          0       5769   stm32f10x_gpio.o
       308        248          0          0          0      54915   stm32f10x_it.o
       932         36          0         20          0       8984   stm32f10x_rcc.o
      3610         88          0          0          0      22876   stm32f10x_tim.o
      1032         22          0          0          0       8496   stm32f10x_usart.o
       480         38          0         20          0       1911   system_stm32f10x.o
       488         14          0          0          0       3529   usart.o
       416         24          0          9          0       1985   usart3.o

    ----------------------------------------------------------------------
     31916       3084       2831       1276       3352     673970   Object Totals
         0          0         32          0          0          0   (incl. Generated)
         6          0          1          4          2          0   (incl. Padding)

    ----------------------------------------------------------------------

      Code (inc. data)   RO Data    RW Data    ZI Data      Debug   Library Member Name

        60          8          0          0          0         84   __0sscanf.o
        56          6          0          0          0         88   __2snprintf.o
        44          6          0          0          0         84   __2sprintf.o
        90          0          0          0          0          0   __dczerorl2.o
         8          0          0          0          0         68   __main.o
       392          4         17          0          0         92   __printf_flags_ss_wp.o
        14          0          0          0          0         68   __printf_wp.o
         0          0          0          0          0          0   __rtentry.o
        12          0          0          0          0          0   __rtentry2.o
         6          0          0          0          0          0   __rtentry4.o
        52          8          0          0          0          0   __scatter.o
        28          0          0          0          0          0   __scatter_zi.o
        28          0          0          0          0         68   _chval.o
         6          0          0          0          0          0   _printf_a.o
         6          0          0          0          0          0   _printf_c.o
        44          0          0          0          0        108   _printf_char.o
        48          6          0          0          0         96   _printf_char_common.o
        40          0          0          0          0         68   _printf_charcount.o
         6          0          0          0          0          0   _printf_d.o
       120         16          0          0          0         92   _printf_dec.o
         6          0          0          0          0          0   _printf_e.o
         6          0          0          0          0          0   _printf_f.o
      1054          0          0          0          0        216   _printf_fp_dec.o
       128         16          0          0          0         84   _printf_fp_infnan.o
         6          0          0          0          0          0   _printf_g.o
       148          4         40          0          0        160   _printf_hex_int_ll_ptr.o
         6          0          0          0          0          0   _printf_i.o
       178          0          0          0          0         88   _printf_intcommon.o
        10          0          0          0          0          0   _printf_l.o
         6          0          0          0          0          0   _printf_lc.o
        10          0          0          0          0          0   _printf_ll.o
         6          0          0          0          0          0   _printf_lld.o
         6          0          0          0          0          0   _printf_lli.o
         6          0          0          0          0          0   _printf_llo.o
         6          0          0          0          0          0   _printf_llu.o
         6          0          0          0          0          0   _printf_llx.o
       124         16          0          0          0         92   _printf_longlong_dec.o
         6          0          0          0          0          0   _printf_ls.o
         6          0          0          0          0          0   _printf_n.o
         6          0          0          0          0          0   _printf_o.o
       112         10          0          0          0        124   _printf_oct_int_ll.o
         6          0          0          0          0          0   _printf_p.o
        78          0          0          0          0        108   _printf_pad.o
         0          0          0          0          0          0   _printf_percent.o
         4          0          0          0          0          0   _printf_percent_end.o
         6          0          0          0          0          0   _printf_s.o
        82          0          0          0          0         80   _printf_str.o
        36          0          0          0          0         84   _printf_truncate.o
         6          0          0          0          0          0   _printf_u.o
        44          0          0          0          0        108   _printf_wchar.o
       188          6          8          0          0         92   _printf_wctomb.o
         6          0          0          0          0          0   _printf_x.o
        22          0          0          0          0        100   _rserrno.o
       884          4          0          0          0        100   _scanf.o
       332          0          0          0          0         96   _scanf_int.o
       224          0          0          0          0         96   _scanf_str.o
        64          0          0          0          0         84   _sgetc.o
        16          0          0          0          0         68   _snputc.o
        10          0          0          0          0         68   _sputc.o
        64          0          0          0          0         92   _wcrtomb.o
       228          4        148          0          0         96   bigflt0.o
      1936        128          0          0          0        672   btod.o
        52          4          0          0          0         80   c89vsnprintf.o
        10          0          0          0          0         68   defsig_exit.o
        50          0          0          0          0         88   defsig_general.o
        80         58          0          0          0         76   defsig_rtmem_inner.o
        14          0          0          0          0         80   defsig_rtmem_outer.o
        18          0          0          0          0         80   exit.o
        94          0          0          0          0         80   h1_alloc.o
        52          0          0          0          0         68   h1_extend.o
        78          0          0          0          0         80   h1_free.o
        14          0          0          0          0         84   h1_init.o
         6          0          0          0          0        152   heapauxi.o
         4          0          0          0          0        136   hguard.o
         0          0          0          0          0          0   indicate_semi.o
       138          0          0          0          0        168   init_alloc.o
        18          0          0          0          0         76   isspace.o
        44         10        272          0          0         76   lc_ctype_c.o
        44         10         28          0          0         76   lc_numeric_c.o
         2          0          0          0          0          0   libinit.o
        38          0          0          0          0          0   libinit2.o
         2          0          0          0          0          0   libshutdown.o
         2          0          0          0          0          0   libshutdown2.o
         8          4          0          0         96         68   libspace.o
       138          0          0          0          0         80   lludiv10.o
         0          0          0          0          0          0   maybetermalloc1.o
        16          4          0          0          0         76   rt_ctype_table.o
         8          4          0          0          0         68   rt_errno_addr_intlibspace.o
         8          4          0          0          0         68   rt_heap_descriptor_intlibspace.o
         8          4          0          0          0         68   rt_locale_intlibspace.o
        68          0          0          0          0         68   rt_memclr.o
        78          0          0          0          0         80   rt_memclr_w.o
       138          0          0          0          0         68   rt_memcpy_v6.o
       100          0          0          0          0         80   rt_memcpy_w.o
         2          0          0          0          0          0   rtexit.o
        10          0          0          0          0          0   rtexit2.o
        44          8          0          0          0         84   scanf_char.o
        24          0          0          0          0         68   strcat.o
        20          0          0          0          0         68   strchr.o
       128          0          0          0          0         68   strcmpv7m.o
        72          0          0          0          0         80   strcpy.o
        62          0          0          0          0         76   strlen.o
        36          0          0          0          0         76   strncat.o
       150          0          0          0          0         80   strncmp.o
        36          0          0          0          0         80   strstr.o
        12          4          0          0          0         68   sys_exit.o
        74          0          0          0          0         80   sys_stackheap_outer.o
        14          0          0          0          0         76   sys_wrch.o
        26          0          0          0          0         76   tolower.o
         2          0          0          0          0         68   use_no_semi.o
       826         16          0          0          0        348   daddsub_clz.o
        16          4          0          0          0         68   dcheck1.o
        24          0          0          0          0         68   dcmpi.o
       688        140          0          0          0        208   ddiv.o
       120          4          0          0          0         92   deqf.o
        94          4          0          0          0         92   dfix.o
        90          4          0          0          0         92   dfixu.o
        84          0          0          0          0        136   dflt_clz.o
       120          4          0          0          0         92   dleqf.o
       340         12          0          0          0        104   dmul.o
       156          4          0          0          0         92   dnaninf.o
        12          0          0          0          0         68   dretinf.o
       108          0          0          0          0         80   drleqf.o
       460         56          0          0          0        120   dsqrt_noumaal.o
        86          4          0          0          0         84   f2d.o
       140          4          0          0          0         84   fnaninf.o
         4          0          0          0          0         68   printf1.o
       100          0          0          0          0         68   retnan.o
        92          0          0          0          0         68   scalbn.o
        48          0          0          0          0         68   trapv.o
         0          0          0          0          0          0   usenofp.o
        62         10          0          0          0        340   dunder.o
       220         16          0          0          0         84   floor.o
        40          0          0          0          0         68   fpclassify.o
       170          0          0          0          0         96   poly.o
      2520        190        136          0          0        324   pow.o
         0          0          8          0          0          0   qnan.o
        76          0          0          0          0         84   sqrt.o

    ----------------------------------------------------------------------
     15902        828        659          0        100       9960   Library Totals
        26          0          2          0          4          0   (incl. Padding)

    ----------------------------------------------------------------------

      Code (inc. data)   RO Data    RW Data    ZI Data      Debug   Library Name

      9180        356        513          0         96       6864   c_w.l
      3608        256          0          0          0       2100   fz_ws.l
      3088        216        144          0          0        996   m_ws.l

    ----------------------------------------------------------------------
     15902        828        659          0        100       9960   Library Totals

    ----------------------------------------------------------------------

==============================================================================


      Code (inc. data)   RO Data    RW Data    ZI Data      Debug   

     47818       3912       3490       1276       3452     675450   Grand Totals
     47818       3912       3490        484       3452     675450   ELF Image Totals (compressed)
     47818       3912       3490        484          0          0   ROM Totals

==============================================================================

    Total RO  Size (Code + RO Data)                51308 (  50.11kB)
    Total RW  Size (RW Data + ZI Data)              4728 (   4.62kB)
    Total ROM Size (Code + RO Data + RW Data)      51792 (  50.58kB)

==============================================================================

